
[1m[46m RUN [49m[22m [36mv4.0.18 [39m[90mD:/claude-tools/.claude/mcp-servers/slack/next[39m
      [2mCoverage enabled with [22m[33mv8[39m

 [32m✓[39m tests/agent/tools/ini-tool.test.ts [2m([22m[2m15 tests[22m[2m)[22m[32m 9[2mms[22m[39m
 [32m✓[39m tests/orchestration/workflow-loader-io.test.ts [2m([22m[2m19 tests[22m[2m)[22m[32m 113[2mms[22m[39m
[90mstdout[2m | tests/services/embed-service.test.ts[2m > [22m[2mcreate_embed_service — 기본 동작[2m > [22m[2mAPI 키 있을 때 embeddings 반환
[22m[39m{"ts":"2026-03-08T11:59:00.527Z","level":"info","name":"embed-service","msg":"embed","model":"text-embed-small","count":2,"tokens":20,"api_base":"https://openrouter.ai/api/v1"}

[90mstdout[2m | tests/services/embed-service.test.ts[2m > [22m[2mcreate_embed_service — 기본 동작[2m > [22m[2mskip_auth=true이면 API 키 없어도 요청
[22m[39m{"ts":"2026-03-08T11:59:00.535Z","level":"info","name":"embed-service","msg":"embed","model":"openai/text-embedding-3-small","count":1,"tokens":10,"api_base":"http://localhost:11434/v1"}

[90mstdout[2m | tests/services/embed-service.test.ts[2m > [22m[2mcreate_embed_service — 기본 동작[2m > [22m[2mdimensions 옵션 전달 시 body에 포함
[22m[39m{"ts":"2026-03-08T11:59:00.536Z","level":"info","name":"embed-service","msg":"embed","model":"openai/text-embedding-3-small","count":1,"tokens":10,"api_base":"https://openrouter.ai/api/v1"}

[90mstdout[2m | tests/services/embed-service.test.ts[2m > [22m[2mcreate_embed_service — 기본 동작[2m > [22m[2mdimensions 없으면 body에 미포함
[22m[39m{"ts":"2026-03-08T11:59:00.536Z","level":"info","name":"embed-service","msg":"embed","model":"openai/text-embedding-3-small","count":1,"tokens":10,"api_base":"https://openrouter.ai/api/v1"}

[90mstdout[2m | tests/services/embed-service.test.ts[2m > [22m[2mcreate_embed_service — 기본 동작[2m > [22m[2mAPI 오류 응답 → 에러 던짐
[22m[39m{"ts":"2026-03-08T11:59:00.536Z","level":"warn","name":"embed-service","msg":"embedding API error","status":401,"model":"openai/text-embedding-3-small","api_base":"https://openrouter.ai/api/v1"}

[90mstdout[2m | tests/services/embed-service.test.ts[2m > [22m[2mcreate_embed_service — 기본 동작[2m > [22m[2mindex 순서대로 정렬
[22m[39m{"ts":"2026-03-08T11:59:00.537Z","level":"info","name":"embed-service","msg":"embed","model":"openai/text-embedding-3-small","count":3,"tokens":5,"api_base":"https://openrouter.ai/api/v1"}

[90mstdout[2m | tests/services/embed-service.test.ts[2m > [22m[2mcreate_embed_service — 기본 동작[2m > [22m[2musage.total_tokens 없을 때 token_usage는 undefined
[22m[39m{"ts":"2026-03-08T11:59:00.537Z","level":"info","name":"embed-service","msg":"embed","model":"openai/text-embedding-3-small","count":1,"tokens":0,"api_base":"https://openrouter.ai/api/v1"}

[90mstdout[2m | tests/services/embed-service.test.ts[2m > [22m[2mcreate_embed_service — 배치 처리[2m > [22m[2m96개 이하 → 단일 fetch 호출
[22m[39m{"ts":"2026-03-08T11:59:00.537Z","level":"info","name":"embed-service","msg":"embed","model":"openai/text-embedding-3-small","count":5,"tokens":10,"api_base":"https://openrouter.ai/api/v1"}

[90mstdout[2m | tests/services/embed-service.test.ts[2m > [22m[2mcreate_embed_service_from_provider[2m > [22m[2mollama → skip_auth=true (API 키 없어도 동작)
[22m[39m{"ts":"2026-03-08T11:59:00.538Z","level":"info","name":"embed-service","msg":"embed","model":"openai/text-embedding-3-small","count":1,"tokens":10,"api_base":"http://ollama:11434/v1"}

[90mstdout[2m | tests/services/embed-service.test.ts[2m > [22m[2mcreate_embed_service_from_provider[2m > [22m[2morchestrator_llm → skip_auth=true
[22m[39m{"ts":"2026-03-08T11:59:00.538Z","level":"info","name":"embed-service","msg":"embed","model":"openai/text-embedding-3-small","count":1,"tokens":10,"api_base":"http://localhost:11434/v1"}

[90mstdout[2m | tests/services/embed-service.test.ts[2m > [22m[2mcreate_embed_service_from_provider[2m > [22m[2mdefault_model 옵션 전달
[22m[39m{"ts":"2026-03-08T11:59:00.538Z","level":"info","name":"embed-service","msg":"embed","model":"custom-embed-model","count":1,"tokens":10,"api_base":"https://openrouter.ai/api/v1"}

 [32m✓[39m tests/services/embed-service.test.ts [2m([22m[2m13 tests[22m[2m)[22m[32m 16[2mms[22m[39m
[90mstdout[2m | tests/agent/oauth-fetch-integration.test.ts[2m > [22m[2mOAuthIntegrationStore 통합 (실제 SQLite + SecretVault)[2m > [22m[2mupsert → get → list CRUD
[22m[39m{"ts":"2026-03-08T11:59:00.664Z","level":"info","name":"secret-vault","msg":"master key generated"}

[90mstdout[2m | tests/services/kanban-rule-executor.test.ts[2m > [22m[2mkanban rule executor[2m > [22m[2mcard_moved trigger로 move_card action이 실행된다
[22m[39m{"ts":"2026-03-08T11:59:00.743Z","level":"info","name":"kanban-rule-executor","msg":"rule_action_executed","rule_id":"d9143cf1-e830-47a9-8c23-3662be57a770","action":"comment","card_id":"TB-1"}

[90mstdout[2m | tests/agent/oauth-fetch-integration.test.ts[2m > [22m[2mOAuthIntegrationStore 통합 (실제 SQLite + SecretVault)[2m > [22m[2m비활성 연동 upsert 후 enabled=false 확인
[22m[39m{"ts":"2026-03-08T11:59:00.804Z","level":"info","name":"secret-vault","msg":"master key generated"}

[90mstdout[2m | tests/agent/oauth-fetch-integration.test.ts[2m > [22m[2mOAuthIntegrationStore 통합 (실제 SQLite + SecretVault)[2m > [22m[2m프로세스 재시작 후 연동 정보 복원
[22m[39m{"ts":"2026-03-08T11:59:00.951Z","level":"info","name":"secret-vault","msg":"master key generated"}

[90mstdout[2m | tests/agent/oauth-fetch-integration.test.ts[2m > [22m[2mOAuthIntegrationStore 통합 (실제 SQLite + SecretVault)[2m > [22m[2m토큰 저장 → 조회 → SecretVault 연동
[22m[39m{"ts":"2026-03-08T11:59:01.148Z","level":"info","name":"secret-vault","msg":"master key generated"}

[90mstdout[2m | tests/agent/oauth-fetch-integration.test.ts[2m > [22m[2mOAuthIntegrationStore 통합 (실제 SQLite + SecretVault)[2m > [22m[2m토큰 저장 → 조회 → SecretVault 연동
[22m[39m{"ts":"2026-03-08T11:59:01.240Z","level":"info","name":"oauth.github.access_token","msg":"secret_put","ok":true}

[90mstdout[2m | tests/services/kanban-rule-executor.test.ts[2m > [22m[2mkanban rule executor[2m > [22m[2mrun_workflow bridge가 주입되면 run_workflow action이 실행된다
[22m[39m{"ts":"2026-03-08T11:59:01.259Z","level":"info","name":"kanban-rule-executor","msg":"rule_action_executed","rule_id":"1cabc67e-ef6a-43b5-8985-17237e0b2052","action":"run_workflow","card_id":"BB-1","ok":true,"workflow_id":"wf-test-123"}

[90mstdout[2m | tests/agent/oauth-fetch-integration.test.ts[2m > [22m[2mOAuthIntegrationStore 통합 (실제 SQLite + SecretVault)[2m > [22m[2m토큰 저장 → 조회 → SecretVault 연동
[22m[39m{"ts":"2026-03-08T11:59:01.289Z","level":"info","name":"oauth.github.refresh_token","msg":"secret_put","ok":true}

[90mstdout[2m | tests/agent/oauth-fetch-integration.test.ts[2m > [22m[2mOAuthIntegrationStore 통합 (실제 SQLite + SecretVault)[2m > [22m[2m토큰 저장 → 조회 → SecretVault 연동
[22m[39m{"ts":"2026-03-08T11:59:01.345Z","level":"info","name":"oauth.github.access_token","msg":"secret_reveal","found":true}

[90mstdout[2m | tests/agent/oauth-fetch-integration.test.ts[2m > [22m[2mOAuthIntegrationStore 통합 (실제 SQLite + SecretVault)[2m > [22m[2m토큰 저장 → 조회 → SecretVault 연동
[22m[39m{"ts":"2026-03-08T11:59:01.391Z","level":"info","name":"oauth.github.refresh_token","msg":"secret_reveal","found":true}

 [32m✓[39m tests/decision/decision-store.test.ts [2m([22m[2m11 tests[22m[2m)[22m[33m 883[2mms[22m[39m
[90mstdout[2m | tests/agent/provider-store-extra.test.ts[2m > [22m[2mAgentProviderStore — resolve_token / resolve_api_base[2m > [22m[2mconnection_id 없으면 인스턴스 자체 토큰 반환
[22m[39m{"ts":"2026-03-08T11:59:01.397Z","level":"info","name":"secret-vault","msg":"master key generated"}

[90mstdout[2m | tests/agent/provider-store-extra.test.ts[2m > [22m[2mAgentProviderStore — resolve_token / resolve_api_base[2m > [22m[2mconnection_id 없으면 인스턴스 자체 토큰 반환
[22m[39m{"ts":"2026-03-08T11:59:01.439Z","level":"info","name":"agent.p1.apikey","msg":"secret_put","ok":true}

[90mstdout[2m | tests/agent/oauth-fetch-integration.test.ts[2m > [22m[2mOAuthIntegrationStore 통합 (실제 SQLite + SecretVault)[2m > [22m[2m토큰 재시작 후 복원
[22m[39m{"ts":"2026-03-08T11:59:01.473Z","level":"info","name":"secret-vault","msg":"master key generated"}

[90mstdout[2m | tests/agent/provider-store-extra.test.ts[2m > [22m[2mAgentProviderStore — resolve_token / resolve_api_base[2m > [22m[2mconnection_id 없으면 인스턴스 자체 토큰 반환
[22m[39m{"ts":"2026-03-08T11:59:01.491Z","level":"info","name":"agent.p1.apikey","msg":"secret_reveal","found":true}

 [32m✓[39m tests/agent/task-resume-integration.test.ts [2m([22m[2m9 tests[22m[2m)[22m[33m 902[2mms[22m[39m
[90mstdout[2m | tests/services/kanban-rule-executor.test.ts[2m > [22m[2mkanban rule executor[2m > [22m[2mcreate_task bridge가 주입되면 create_task action이 실행된다
[22m[39m{"ts":"2026-03-08T11:59:01.546Z","level":"info","name":"kanban-rule-executor","msg":"rule_action_executed","rule_id":"1227f8df-8ad7-4d53-86b5-5145137f7378","action":"create_task","card_id":"TB-1","ok":true,"task_id":"task-abc"}

[90mstdout[2m | tests/agent/oauth-fetch-integration.test.ts[2m > [22m[2mOAuthIntegrationStore 통합 (실제 SQLite + SecretVault)[2m > [22m[2m토큰 재시작 후 복원
[22m[39m{"ts":"2026-03-08T11:59:01.560Z","level":"info","name":"oauth.github.access_token","msg":"secret_put","ok":true}

 [32m✓[39m tests/orchestration/tool-index.test.ts [2m([22m[2m29 tests[22m[2m)[22m[33m 1070[2mms[22m[39m
 [32m✓[39m tests/agent/nodes/if.test.ts [2m([22m[2m51 tests[22m[2m)[22m[33m 1073[2mms[22m[39m
       [33m[2m✓[22m[39m should handle infinite loop timeout [33m 1013[2mms[22m[39m
[90mstdout[2m | tests/agent/provider-store-extra.test.ts[2m > [22m[2mAgentProviderStore — resolve_token / resolve_api_base[2m > [22m[2mconnection_id 연결 시 connection 토큰 우선
[22m[39m{"ts":"2026-03-08T11:59:01.642Z","level":"info","name":"secret-vault","msg":"master key generated"}

[90mstdout[2m | tests/agent/oauth-fetch-integration.test.ts[2m > [22m[2mOAuthIntegrationStore 통합 (실제 SQLite + SecretVault)[2m > [22m[2m토큰 재시작 후 복원
[22m[39m{"ts":"2026-03-08T11:59:01.654Z","level":"info","name":"oauth.github.access_token","msg":"secret_reveal","found":true}

[90mstdout[2m | tests/agent/provider-store-extra.test.ts[2m > [22m[2mAgentProviderStore — resolve_token / resolve_api_base[2m > [22m[2mconnection_id 연결 시 connection 토큰 우선
[22m[39m{"ts":"2026-03-08T11:59:01.692Z","level":"info","name":"connection.c1.apikey","msg":"secret_put","ok":true}

[90mstdout[2m | tests/services/kanban-rule-executor.test.ts[2m > [22m[2mkanban rule executor[2m > [22m[2mbridge 없이 run_workflow action은 스킵된다
[22m[39m{"ts":"2026-03-08T11:59:01.732Z","level":"warn","name":"kanban-rule-executor","msg":"rule_action_skip","rule_id":"521e0c1e-7233-40c4-86e3-7b0f5b44e034","reason":"run_workflow bridge unavailable"}

[90mstdout[2m | tests/agent/provider-store-extra.test.ts[2m > [22m[2mAgentProviderStore — resolve_token / resolve_api_base[2m > [22m[2mconnection_id 연결 시 connection 토큰 우선
[22m[39m{"ts":"2026-03-08T11:59:01.759Z","level":"info","name":"agent.p1.apikey","msg":"secret_put","ok":true}

 [32m✓[39m tests/oauth/integration-store.test.ts [2m([22m[2m25 tests[22m[2m)[22m[33m 1237[2mms[22m[39m
[90mstdout[2m | tests/agent/oauth-fetch-integration.test.ts[2m > [22m[2mOAuthIntegrationStore 통합 (실제 SQLite + SecretVault)[2m > [22m[2mremove → 연동 삭제 확인
[22m[39m{"ts":"2026-03-08T11:59:01.765Z","level":"info","name":"secret-vault","msg":"master key generated"}

[90mstdout[2m | tests/agent/provider-store-extra.test.ts[2m > [22m[2mAgentProviderStore — resolve_token / resolve_api_base[2m > [22m[2mconnection_id 연결 시 connection 토큰 우선
[22m[39m{"ts":"2026-03-08T11:59:01.807Z","level":"info","name":"connection.c1.apikey","msg":"secret_reveal","found":true}

[90mstdout[2m | tests/agent/oauth-fetch-integration.test.ts[2m > [22m[2mOAuthIntegrationStore 통합 (실제 SQLite + SecretVault)[2m > [22m[2m존재하지 않는 instance_id get은 null
[22m[39m{"ts":"2026-03-08T11:59:01.901Z","level":"info","name":"secret-vault","msg":"master key generated"}

[90mstdout[2m | tests/agent/provider-store-extra.test.ts[2m > [22m[2mAgentProviderStore — resolve_token / resolve_api_base[2m > [22m[2mconnection 토큰 없으면 인스턴스 토큰 폴백
[22m[39m{"ts":"2026-03-08T11:59:01.924Z","level":"info","name":"secret-vault","msg":"master key generated"}

[90mstdout[2m | tests/agent/provider-store-extra.test.ts[2m > [22m[2mAgentProviderStore — resolve_token / resolve_api_base[2m > [22m[2mconnection 토큰 없으면 인스턴스 토큰 폴백
[22m[39m{"ts":"2026-03-08T11:59:01.966Z","level":"info","name":"agent.p1.apikey","msg":"secret_put","ok":true}

[90mstdout[2m | tests/agent/provider-store-extra.test.ts[2m > [22m[2mAgentProviderStore — resolve_token / resolve_api_base[2m > [22m[2mconnection 토큰 없으면 인스턴스 토큰 폴백
[22m[39m{"ts":"2026-03-08T11:59:02.001Z","level":"info","name":"connection.c1.apikey","msg":"secret_reveal","found":false}

[90mstdout[2m | tests/agent/oauth-fetch-integration.test.ts[2m > [22m[2mOAuthIntegrationStore 통합 (실제 SQLite + SecretVault)[2m > [22m[2mupdate_settings로 부분 업데이트
[22m[39m{"ts":"2026-03-08T11:59:02.022Z","level":"info","name":"secret-vault","msg":"master key generated"}

[90mstdout[2m | tests/agent/provider-store-extra.test.ts[2m > [22m[2mAgentProviderStore — resolve_token / resolve_api_base[2m > [22m[2mconnection 토큰 없으면 인스턴스 토큰 폴백
[22m[39m{"ts":"2026-03-08T11:59:02.039Z","level":"info","name":"agent.p1.apikey","msg":"secret_reveal","found":true}

 [32m✓[39m tests/services/kanban-rule-executor.test.ts [2m([22m[2m6 tests[22m[2m)[22m[33m 1531[2mms[22m[39m
[90mstdout[2m | tests/agent/oauth-fetch-integration.test.ts[2m > [22m[2mOAuthIntegrationStore 통합 (실제 SQLite + SecretVault)[2m > [22m[2m커스텀 프리셋 저장 → 복원
[22m[39m{"ts":"2026-03-08T11:59:02.173Z","level":"info","name":"secret-vault","msg":"master key generated"}

[90mstdout[2m | tests/security/secret-vault-extra.test.ts[2m > [22m[2mSecretVaultService — 확장 메서드[2m > [22m[2mresolve_placeholders_with_report: 없는 키 → missing_keys에 포함
[22m[39m{"ts":"2026-03-08T11:59:02.244Z","level":"info","name":"secret-vault","msg":"master key generated"}

 [32m✓[39m tests/cron/cron-pure-logic.test.ts [2m([22m[2m30 tests[22m[2m)[22m[33m 1737[2mms[22m[39m
[90mstdout[2m | tests/agent/provider-store-extra.test.ts[2m > [22m[2mAgentProviderStore — resolve_token / resolve_api_base[2m > [22m[2mhas_resolved_token: connection 토큰 있을 때 true
[22m[39m{"ts":"2026-03-08T11:59:02.300Z","level":"info","name":"secret-vault","msg":"master key generated"}

[90mstdout[2m | tests/agent/provider-store-extra.test.ts[2m > [22m[2mAgentProviderStore — resolve_token / resolve_api_base[2m > [22m[2mhas_resolved_token: connection 토큰 있을 때 true
[22m[39m{"ts":"2026-03-08T11:59:02.343Z","level":"info","name":"connection.c1.apikey","msg":"secret_put","ok":true}

[90mstdout[2m | tests/security/secret-vault-extra.test.ts[2m > [22m[2mSecretVaultService — 확장 메서드[2m > [22m[2mresolve_placeholders_with_report: 저장된 시크릿 → 복호화됨
[22m[39m{"ts":"2026-03-08T11:59:02.361Z","level":"info","name":"secret-vault","msg":"master key generated"}

[90mstdout[2m | tests/agent/oauth-fetch-integration.test.ts[2m > [22m[2mOAuthIntegrationStore 통합 (실제 SQLite + SecretVault)[2m > [22m[2mclient credentials SecretVault 연동
[22m[39m{"ts":"2026-03-08T11:59:02.368Z","level":"info","name":"secret-vault","msg":"master key generated"}

[90mstdout[2m | tests/security/secret-vault-extra.test.ts[2m > [22m[2mSecretVaultService — 확장 메서드[2m > [22m[2mresolve_placeholders_with_report: 저장된 시크릿 → 복호화됨
[22m[39m{"ts":"2026-03-08T11:59:02.392Z","level":"info","name":"my_token","msg":"secret_put","ok":true}

[90mstdout[2m | tests/agent/oauth-fetch-integration.test.ts[2m > [22m[2mOAuthIntegrationStore 통합 (실제 SQLite + SecretVault)[2m > [22m[2mclient credentials SecretVault 연동
[22m[39m{"ts":"2026-03-08T11:59:02.432Z","level":"info","name":"oauth.oauth-client.client_id","msg":"secret_put","ok":true}

[90mstdout[2m | tests/agent/oauth-fetch-integration.test.ts[2m > [22m[2mOAuthIntegrationStore 통합 (실제 SQLite + SecretVault)[2m > [22m[2mclient credentials SecretVault 연동
[22m[39m{"ts":"2026-03-08T11:59:02.467Z","level":"info","name":"oauth.oauth-client.client_secret","msg":"secret_put","ok":true}

[90mstdout[2m | tests/agent/oauth-fetch-integration.test.ts[2m > [22m[2mOAuthIntegrationStore 통합 (실제 SQLite + SecretVault)[2m > [22m[2mclient credentials SecretVault 연동
[22m[39m{"ts":"2026-03-08T11:59:02.501Z","level":"info","name":"oauth.oauth-client.client_id","msg":"secret_reveal","found":true}

[90mstdout[2m | tests/security/secret-vault-extra.test.ts[2m > [22m[2mSecretVaultService — 확장 메서드[2m > [22m[2mresolve_inline_secrets: placeholder 포함 → 복호화
[22m[39m{"ts":"2026-03-08T11:59:02.496Z","level":"info","name":"secret-vault","msg":"master key generated"}

[90mstdout[2m | tests/security/secret-vault-extra.test.ts[2m > [22m[2mSecretVaultService — 확장 메서드[2m > [22m[2mresolve_inline_secrets: placeholder 포함 → 복호화
[22m[39m{"ts":"2026-03-08T11:59:02.531Z","level":"info","name":"api_key","msg":"secret_put","ok":true}

[90mstdout[2m | tests/agent/oauth-fetch-integration.test.ts[2m > [22m[2mOAuthIntegrationStore 통합 (실제 SQLite + SecretVault)[2m > [22m[2mclient credentials SecretVault 연동
[22m[39m{"ts":"2026-03-08T11:59:02.539Z","level":"info","name":"oauth.oauth-client.client_secret","msg":"secret_reveal","found":true}

[90mstdout[2m | tests/agent/oauth-fetch-integration.test.ts[2m > [22m[2mOAuthIntegrationStore 통합 (실제 SQLite + SecretVault)[2m > [22m[2mremove_tokens로 토큰 + 만료일 삭제
[22m[39m{"ts":"2026-03-08T11:59:02.612Z","level":"info","name":"secret-vault","msg":"master key generated"}

[90mstdout[2m | tests/security/secret-vault-extra.test.ts[2m > [22m[2mSecretVaultService — 확장 메서드[2m > [22m[2minspect_secret_references: 없는 키 참조 → missing_keys
[22m[39m{"ts":"2026-03-08T11:59:02.673Z","level":"info","name":"secret-vault","msg":"master key generated"}

[90mstdout[2m | tests/agent/oauth-fetch-integration.test.ts[2m > [22m[2mOAuthIntegrationStore 통합 (실제 SQLite + SecretVault)[2m > [22m[2mremove_tokens로 토큰 + 만료일 삭제
[22m[39m{"ts":"2026-03-08T11:59:02.786Z","level":"info","name":"oauth.cleanup.access_token","msg":"secret_put","ok":true}

 [32m✓[39m tests/orchestration/main-alias-persona.test.ts [2m([22m[2m9 tests[22m[2m)[22m[33m 2012[2mms[22m[39m
[90mstdout[2m | tests/security/secret-vault-extra.test.ts[2m > [22m[2mSecretVaultService — 확장 메서드[2m > [22m[2minspect_secret_references: 존재하는 키 참조 → missing_keys 없음
[22m[39m{"ts":"2026-03-08T11:59:02.794Z","level":"info","name":"secret-vault","msg":"master key generated"}

[90mstdout[2m | tests/agent/oauth-fetch-integration.test.ts[2m > [22m[2mOAuthIntegrationStore 통합 (실제 SQLite + SecretVault)[2m > [22m[2mremove_tokens로 토큰 + 만료일 삭제
[22m[39m{"ts":"2026-03-08T11:59:02.814Z","level":"info","name":"oauth.cleanup.access_token","msg":"secret_remove","removed":true}

[90mstdout[2m | tests/security/secret-vault-extra.test.ts[2m > [22m[2mSecretVaultService — 확장 메서드[2m > [22m[2minspect_secret_references: 존재하는 키 참조 → missing_keys 없음
[22m[39m{"ts":"2026-03-08T11:59:02.823Z","level":"info","name":"existing_key","msg":"secret_put","ok":true}

[90mstdout[2m | tests/agent/oauth-fetch-integration.test.ts[2m > [22m[2mOAuthIntegrationStore 통합 (실제 SQLite + SecretVault)[2m > [22m[2mremove_tokens로 토큰 + 만료일 삭제
[22m[39m{"ts":"2026-03-08T11:59:02.833Z","level":"info","name":"oauth.cleanup.refresh_token","msg":"secret_remove","removed":false}

[90mstdout[2m | tests/agent/oauth-fetch-integration.test.ts[2m > [22m[2mOAuthIntegrationStore 통합 (실제 SQLite + SecretVault)[2m > [22m[2mremove_tokens로 토큰 + 만료일 삭제
[22m[39m{"ts":"2026-03-08T11:59:02.852Z","level":"info","name":"oauth.cleanup.client_id","msg":"secret_remove","removed":false}

[90mstdout[2m | tests/agent/oauth-fetch-integration.test.ts[2m > [22m[2mOAuthIntegrationStore 통합 (실제 SQLite + SecretVault)[2m > [22m[2mremove_tokens로 토큰 + 만료일 삭제
[22m[39m{"ts":"2026-03-08T11:59:02.875Z","level":"info","name":"oauth.cleanup.client_secret","msg":"secret_remove","removed":false}

[90mstdout[2m | tests/agent/oauth-fetch-integration.test.ts[2m > [22m[2mOAuthIntegrationStore 통합 (실제 SQLite + SecretVault)[2m > [22m[2mremove_tokens로 토큰 + 만료일 삭제
[22m[39m{"ts":"2026-03-08T11:59:02.904Z","level":"info","name":"oauth.cleanup.access_token","msg":"secret_reveal","found":false}

[90mstdout[2m | tests/security/secret-vault-extra.test.ts[2m > [22m[2mSecretVaultService — 확장 메서드[2m > [22m[2minspect_secret_references: placeholder 없음 → 비어있음
[22m[39m{"ts":"2026-03-08T11:59:02.907Z","level":"info","name":"secret-vault","msg":"master key generated"}

[90mstdout[2m | tests/agent/provider-store-extra.test.ts[2m > [22m[2mAgentProviderStore — Connection 토큰[2m > [22m[2mset → has → get → remove 생명주기
[22m[39m{"ts":"2026-03-08T11:59:02.913Z","level":"info","name":"secret-vault","msg":"master key generated"}

 [32m✓[39m tests/agent/oauth-fetch-integration.test.ts [2m([22m[2m11 tests[22m[2m)[22m[33m 2351[2mms[22m[39m
     [33m[2m✓[22m[39m 토큰 저장 → 조회 → SecretVault 연동 [33m 334[2mms[22m[39m
     [33m[2m✓[22m[39m remove_tokens로 토큰 + 만료일 삭제 [33m 371[2mms[22m[39m
[90mstdout[2m | tests/agent/provider-store-extra.test.ts[2m > [22m[2mAgentProviderStore — Connection 토큰[2m > [22m[2mset → has → get → remove 생명주기
[22m[39m{"ts":"2026-03-08T11:59:02.961Z","level":"info","name":"connection.c1.apikey","msg":"secret_put","ok":true}

[90mstdout[2m | tests/security/secret-vault-extra.test.ts[2m > [22m[2mSecretVaultService — 확장 메서드[2m > [22m[2mremove_secret: 존재하는 시크릿 제거 → true
[22m[39m{"ts":"2026-03-08T11:59:02.984Z","level":"info","name":"secret-vault","msg":"master key generated"}

[90mstdout[2m | tests/security/secret-vault-extra.test.ts[2m > [22m[2mSecretVaultService — 확장 메서드[2m > [22m[2mremove_secret: 존재하는 시크릿 제거 → true
[22m[39m{"ts":"2026-03-08T11:59:03.028Z","level":"info","name":"to_remove","msg":"secret_put","ok":true}

[90mstdout[2m | tests/agent/provider-store-extra.test.ts[2m > [22m[2mAgentProviderStore — Connection 토큰[2m > [22m[2mset → has → get → remove 생명주기
[22m[39m{"ts":"2026-03-08T11:59:03.030Z","level":"info","name":"connection.c1.apikey","msg":"secret_reveal","found":true}

[90mstdout[2m | tests/security/secret-vault-extra.test.ts[2m > [22m[2mSecretVaultService — 확장 메서드[2m > [22m[2mremove_secret: 존재하는 시크릿 제거 → true
[22m[39m{"ts":"2026-03-08T11:59:03.068Z","level":"info","name":"to_remove","msg":"secret_remove","removed":true}

[90mstdout[2m | tests/agent/provider-store-extra.test.ts[2m > [22m[2mAgentProviderStore — Connection 토큰[2m > [22m[2mset → has → get → remove 생명주기
[22m[39m{"ts":"2026-03-08T11:59:03.069Z","level":"info","name":"connection.c1.apikey","msg":"secret_remove","removed":true}

[90mstdout[2m | tests/security/secret-vault-extra.test.ts[2m > [22m[2mSecretVaultService — 확장 메서드[2m > [22m[2mremove_secret: 존재하는 시크릿 제거 → true
[22m[39m{"ts":"2026-03-08T11:59:03.096Z","level":"info","name":"to_remove","msg":"secret_reveal","found":false}

[90mstdout[2m | tests/agent/provider-store-extra.test.ts[2m > [22m[2mAgentProviderStore — Connection 토큰[2m > [22m[2mset → has → get → remove 생명주기
[22m[39m{"ts":"2026-03-08T11:59:03.121Z","level":"info","name":"connection.c1.apikey","msg":"secret_reveal","found":false}

 [32m✓[39m tests/agent/provider-store-extra.test.ts [2m([22m[2m28 tests[22m[2m)[22m[33m 2520[2mms[22m[39m
[90mstdout[2m | tests/security/secret-vault-extra.test.ts[2m > [22m[2mSecretVaultService — 확장 메서드[2m > [22m[2mremove_secret: 존재하지 않는 키 → false
[22m[39m{"ts":"2026-03-08T11:59:03.173Z","level":"info","name":"secret-vault","msg":"master key generated"}

[90mstdout[2m | tests/security/secret-vault-extra.test.ts[2m > [22m[2mSecretVaultService — 확장 메서드[2m > [22m[2mremove_secret: 존재하지 않는 키 → false
[22m[39m{"ts":"2026-03-08T11:59:03.189Z","level":"info","name":"ghost_key","msg":"secret_remove","removed":false}

[90mstdout[2m | tests/security/secret-vault-extra.test.ts[2m > [22m[2mSecretVaultService — 확장 메서드[2m > [22m[2mprune_expired: 최근 시크릿은 삭제 안 됨
[22m[39m{"ts":"2026-03-08T11:59:03.267Z","level":"info","name":"secret-vault","msg":"master key generated"}

[90mstdout[2m | tests/security/secret-vault-extra.test.ts[2m > [22m[2mSecretVaultService — 확장 메서드[2m > [22m[2mprune_expired: 최근 시크릿은 삭제 안 됨
[22m[39m{"ts":"2026-03-08T11:59:03.303Z","level":"info","name":"inbound.recent","msg":"secret_put","ok":true}

[90mstdout[2m | tests/security/secret-vault-extra.test.ts[2m > [22m[2mSecretVaultService — 확장 메서드[2m > [22m[2mprune_expired: 최근 시크릿은 삭제 안 됨
[22m[39m{"ts":"2026-03-08T11:59:03.352Z","level":"info","name":"inbound.recent","msg":"secret_reveal","found":true}

[90mstdout[2m | tests/security/secret-vault-extra.test.ts[2m > [22m[2mSecretVaultService — 확장 메서드[2m > [22m[2mprune_expired: 결과는 숫자 타입
[22m[39m{"ts":"2026-03-08T11:59:03.421Z","level":"info","name":"secret-vault","msg":"master key generated"}

 [32m✓[39m tests/agent/nodes/assert.test.ts [2m([22m[2m41 tests[22m[2m)[22m[33m 1112[2mms[22m[39m
       [33m[2m✓[22m[39m should handle infinite loops with timeout [33m 1011[2mms[22m[39m
[90mstdout[2m | tests/security/secret-vault-extra.test.ts[2m > [22m[2mSecretVaultService — 확장 메서드[2m > [22m[2mencrypt_text + decrypt_text: 라운드트립
[22m[39m{"ts":"2026-03-08T11:59:03.532Z","level":"info","name":"secret-vault","msg":"master key generated"}

 [32m✓[39m tests/agent/nodes/filter.test.ts [2m([22m[2m36 tests[22m[2m)[22m[33m 1167[2mms[22m[39m
       [33m[2m✓[22m[39m should handle timeout in condition [33m 1012[2mms[22m[39m
[90mstdout[2m | tests/security/secret-vault-extra.test.ts[2m > [22m[2mSecretVaultService — 확장 메서드[2m > [22m[2mencrypt_text: AAD로 암호화하면 다른 AAD로 복호화 실패
[22m[39m{"ts":"2026-03-08T11:59:03.619Z","level":"info","name":"secret-vault","msg":"master key generated"}

 [32m✓[39m tests/agent/nodes/image.test.ts [2m([22m[2m8 tests[22m[2m)[22m[33m 1151[2mms[22m[39m
     [33m[2m✓[22m[39m execute: should handle resize operation [33m 906[2mms[22m[39m
 [32m✓[39m tests/security/secret-vault-extra.test.ts [2m([22m[2m17 tests[22m[2m)[22m[33m 1500[2mms[22m[39m
 [32m✓[39m tests/session/session-recorder-integration.test.ts [2m([22m[2m16 tests[22m[2m)[22m[33m 3382[2mms[22m[39m
     [33m[2m✓[22m[39m get_history가 max_messages로 최근 N개만 반환 [33m 389[2mms[22m[39m
     [33m[2m✓[22m[39m 100개 메시지 기록 후 재시작해도 전부 복원 [33m 1525[2mms[22m[39m
 [32m✓[39m tests/agent/nodes/git.test.ts [2m([22m[2m6 tests[22m[2m)[22m[33m 1331[2mms[22m[39m
     [33m[2m✓[22m[39m execute: should handle clone action [33m 974[2mms[22m[39m
 [32m✓[39m tests/agent/nodes/retry.test.ts [2m([22m[2m34 tests[22m[2m)[22m[33m 1146[2mms[22m[39m
       [33m[2m✓[22m[39m should retry on failure until max_attempts [33m 321[2mms[22m[39m
       [33m[2m✓[22m[39m should track retry progression in events [33m 328[2mms[22m[39m
 [32m✓[39m tests/agent/nodes/websocket.test.ts [2m([22m[2m9 tests[22m[2m)[22m[33m 1272[2mms[22m[39m
     [33m[2m✓[22m[39m execute: should handle connection timeout gracefully [33m 1006[2mms[22m[39m
(node:169036) Warning: `--localstorage-file` was provided without a valid path
(Use `node --trace-warnings ...` to show where the warning was created)
 [32m✓[39m tests/agent/memory-consolidation.test.ts [2m([22m[2m19 tests[22m[2m)[22m[33m 3284[2mms[22m[39m
     [33m[2m✓[22m[39m dailyInjectionDays=1이면 최근 daily가 system prompt에 포함된다 [33m 311[2mms[22m[39m
 [32m✓[39m tests/agent/nodes/web-search.test.ts [2m([22m[2m9 tests[22m[2m)[22m[33m 1854[2mms[22m[39m
     [33m[2m✓[22m[39m execute: should search with query [33m 493[2mms[22m[39m
     [33m[2m✓[22m[39m execute: should resolve templates in query [33m 403[2mms[22m[39m
     [33m[2m✓[22m[39m execute: should support different search engines [33m 316[2mms[22m[39m
 [32m✓[39m tests/agent/nodes/screenshot.test.ts [2m([22m[2m9 tests[22m[2m)[22m[33m 1770[2mms[22m[39m
     [33m[2m✓[22m[39m execute: should capture screenshot [33m 646[2mms[22m[39m
(node:132092) Warning: `--localstorage-file` was provided without a valid path
(Use `node --trace-warnings ...` to show where the warning was created)
 [32m✓[39m tests/agent/nodes/document-docx.test.ts [2m([22m[2m8 tests[22m[2m)[22m[33m 1281[2mms[22m[39m
     [33m[2m✓[22m[39m execute: should generate DOCX document [33m 1181[2mms[22m[39m
[90mstdout[2m | tests/security/secret-vault-factory.test.ts[2m > [22m[2msecret vault keyring migration[2m > [22m[2mstores master key in keyring.db, not secrets.db
[22m[39m{"ts":"2026-03-08T11:59:04.532Z","level":"info","name":"secret-vault","msg":"master key generated"}

[90mstdout[2m | tests/security/secret-vault-factory.test.ts[2m > [22m[2msecret vault keyring migration[2m > [22m[2mstores master key in keyring.db, not secrets.db
[22m[39m{"ts":"2026-03-08T11:59:04.569Z","level":"info","name":"test_key","msg":"secret_put","ok":true}

 [32m✓[39m tests/agent/nodes/switch.test.ts [2m([22m[2m26 tests[22m[2m)[22m[33m 1086[2mms[22m[39m
       [33m[2m✓[22m[39m should throw on timeout [33m 1030[2mms[22m[39m
[90mstdout[2m | tests/security/secret-vault-factory.test.ts[2m > [22m[2msecret vault keyring migration[2m > [22m[2mencrypts and decrypts after keyring separation
[22m[39m{"ts":"2026-03-08T11:59:04.632Z","level":"info","name":"secret-vault","msg":"master key generated"}

[90mstdout[2m | tests/security/secret-vault-factory.test.ts[2m > [22m[2msecret vault keyring migration[2m > [22m[2mencrypts and decrypts after keyring separation
[22m[39m{"ts":"2026-03-08T11:59:04.664Z","level":"info","name":"my_api_key","msg":"secret_put","ok":true}

[90mstdout[2m | tests/security/secret-vault-factory.test.ts[2m > [22m[2msecret vault keyring migration[2m > [22m[2mencrypts and decrypts after keyring separation
[22m[39m{"ts":"2026-03-08T11:59:04.700Z","level":"info","name":"my_api_key","msg":"secret_reveal","found":true}

 [32m✓[39m tests/services/kanban-store.test.ts [2m([22m[2m23 tests[22m[2m)[22m[33m 953[2mms[22m[39m
[90mstdout[2m | tests/security/secret-vault-factory.test.ts[2m > [22m[2msecret vault mask cache[2m > [22m[2mmask_known_secrets masks stored secret values
[22m[39m{"ts":"2026-03-08T11:59:04.767Z","level":"info","name":"secret-vault","msg":"master key generated"}

[90mstdout[2m | tests/security/secret-vault-factory.test.ts[2m > [22m[2msecret vault mask cache[2m > [22m[2mmask_known_secrets masks stored secret values
[22m[39m{"ts":"2026-03-08T11:59:04.801Z","level":"info","name":"token","msg":"secret_put","ok":true}

[90mstdout[2m | tests/security/secret-vault-factory.test.ts[2m > [22m[2msecret vault mask cache[2m > [22m[2minvalidates cache on put_secret
[22m[39m{"ts":"2026-03-08T11:59:04.892Z","level":"info","name":"secret-vault","msg":"master key generated"}

[90mstdout[2m | tests/security/secret-vault-factory.test.ts[2m > [22m[2msecret vault mask cache[2m > [22m[2minvalidates cache on put_secret
[22m[39m{"ts":"2026-03-08T11:59:04.925Z","level":"info","name":"key_a","msg":"secret_put","ok":true}

[90mstdout[2m | tests/security/secret-vault-factory.test.ts[2m > [22m[2msecret vault mask cache[2m > [22m[2minvalidates cache on put_secret
[22m[39m{"ts":"2026-03-08T11:59:05.003Z","level":"info","name":"key_b","msg":"secret_put","ok":true}

 [32m✓[39m tests/agent/nodes/shell.test.ts [2m([22m[2m10 tests[22m[2m)[22m[33m 2688[2mms[22m[39m
     [33m[2m✓[22m[39m execute: should execute shell command [33m 932[2mms[22m[39m
     [33m[2m✓[22m[39m execute: should handle timeout on long-running command [33m 1115[2mms[22m[39m
[90mstdout[2m | tests/security/secret-vault-factory.test.ts[2m > [22m[2msecret vault mask cache[2m > [22m[2minvalidates cache on remove_secret
[22m[39m{"ts":"2026-03-08T11:59:05.112Z","level":"info","name":"secret-vault","msg":"master key generated"}

 [32m✓[39m tests/agent/nodes/document-pdf.test.ts [2m([22m[2m9 tests[22m[2m)[22m[33m 1387[2mms[22m[39m
     [33m[2m✓[22m[39m execute: should generate PDF document [33m 1338[2mms[22m[39m
[90mstdout[2m | tests/security/secret-vault-factory.test.ts[2m > [22m[2msecret vault mask cache[2m > [22m[2minvalidates cache on remove_secret
[22m[39m{"ts":"2026-03-08T11:59:05.139Z","level":"info","name":"key_x","msg":"secret_put","ok":true}

[90mstdout[2m | tests/security/secret-vault-factory.test.ts[2m > [22m[2msecret vault mask cache[2m > [22m[2minvalidates cache on remove_secret
[22m[39m{"ts":"2026-03-08T11:59:05.196Z","level":"info","name":"key_x","msg":"secret_remove","removed":true}

 [32m✓[39m tests/session/session-store-extra.test.ts [2m([22m[2m11 tests[22m[2m)[22m[33m 741[2mms[22m[39m
 [32m✓[39m tests/security/secret-vault-factory.test.ts [2m([22m[2m8 tests[22m[2m)[22m[33m 770[2mms[22m[39m
 [32m✓[39m tests/ops/promise-tool.test.ts [2m([22m[2m10 tests[22m[2m)[22m[33m 624[2mms[22m[39m
 [32m✓[39m tests/agent/pty/lane-queue.test.ts [2m([22m[2m11 tests[22m[2m)[22m[33m 701[2mms[22m[39m
     [33m[2m✓[22m[39m wait_for_followup — 타임아웃 시 null 반환 [33m 446[2mms[22m[39m
(node:274652) Warning: `--localstorage-file` was provided without a valid path
(Use `node --trace-warnings ...` to show where the warning was created)
 [32m✓[39m tests/agent/pty/local-pty.test.ts [2m([22m[2m7 tests[22m[2m)[22m[33m 1313[2mms[22m[39m
     [33m[2m✓[22m[39m local_pty_factory가 Pty 인스턴스를 반환한다 [33m 380[2mms[22m[39m
 [32m✓[39m tests/events/workflow-event-service.test.ts [2m([22m[2m8 tests[22m[2m)[22m[33m 589[2mms[22m[39m
(node:209844) Warning: `--localstorage-file` was provided without a valid path
(Use `node --trace-warnings ...` to show where the warning was created)
 [32m✓[39m tests/provider/circuit-breaker.test.ts [2m([22m[2m13 tests[22m[2m)[22m[33m 639[2mms[22m[39m
(node:74064) Warning: `--localstorage-file` was provided without a valid path
(Use `node --trace-warnings ...` to show where the warning was created)
(node:181608) Warning: `--localstorage-file` was provided without a valid path
(Use `node --trace-warnings ...` to show where the warning was created)
(node:139480) Warning: `--localstorage-file` was provided without a valid path
(Use `node --trace-warnings ...` to show where the warning was created)
(node:288968) Warning: `--localstorage-file` was provided without a valid path
(Use `node --trace-warnings ...` to show where the warning was created)
(node:300172) Warning: `--localstorage-file` was provided without a valid path
(Use `node --trace-warnings ...` to show where the warning was created)
 [32m✓[39m tests/agent/nodes/document-xlsx.test.ts [2m([22m[2m11 tests[22m[2m)[22m[33m 1434[2mms[22m[39m
     [33m[2m✓[22m[39m execute: should generate XLSX spreadsheet [33m 1402[2mms[22m[39m
(node:218568) Warning: `--localstorage-file` was provided without a valid path
(Use `node --trace-warnings ...` to show where the warning was created)
(node:164324) Warning: `--localstorage-file` was provided without a valid path
(Use `node --trace-warnings ...` to show where the warning was created)
 [32m✓[39m tests/config/config-store.test.ts [2m([22m[2m15 tests[22m[2m)[22m[33m 544[2mms[22m[39m
 [32m✓[39m tests/agent/nodes/wait.test.ts [2m([22m[2m20 tests[22m[2m)[22m[33m 5974[2mms[22m[39m
       [33m[2m✓[22m[39m should use default delay when undefined [33m 5005[2mms[22m[39m
       [33m[2m✓[22m[39m should support retry with wait [33m 641[2mms[22m[39m
 [32m✓[39m tests/agent/phase-workflow-store-integration.test.ts [2m([22m[2m10 tests[22m[2m)[22m[33m 649[2mms[22m[39m
 [32m✓[39m tests/agent/nodes/document-pptx.test.ts [2m([22m[2m10 tests[22m[2m)[22m[33m 1568[2mms[22m[39m
     [33m[2m✓[22m[39m execute: should generate PPTX presentation [33m 1415[2mms[22m[39m
 [32m✓[39m tests/agent/nodes/network.test.ts [2m([22m[2m9 tests[22m[2m)[22m[33m 1848[2mms[22m[39m
     [33m[2m✓[22m[39m execute: should handle ping operation [33m 1519[2mms[22m[39m
[90mstdout[2m | tests/agent/oauth-fetch.test.ts[2m > [22m[2mOAuthFetchTool[2m > [22m[2mget_token: 유효한 access_token을 반환한다
[22m[39m{"ts":"2026-03-08T11:59:06.357Z","level":"info","name":"oauth-fetch","msg":"get_token","service_id":"github"}

 [32m✓[39m tests/agent/nodes/transform.test.ts [2m([22m[2m38 tests[22m[2m)[22m[33m 4176[2mms[22m[39m
       [33m[2m✓[22m[39m should timeout on infinite loop [33m 1536[2mms[22m[39m
       [33m[2m✓[22m[39m should handle very large arrays [33m 2509[2mms[22m[39m
[90mstdout[2m | tests/agent/oauth-fetch.test.ts[2m > [22m[2mOAuthFetchTool[2m > [22m[2mfetch: action 미지정 시 fetch로 동작한다
[22m[39m{"ts":"2026-03-08T11:59:06.674Z","level":"warn","name":"oauth-fetch","msg":"oauth_fetch_retry","service_id":"github","method":"GET","host":"api.github.com","reason":"401_refresh"}

 [32m✓[39m tests/channel/command-registry.test.ts [2m([22m[2m18 tests[22m[2m)[22m[33m 545[2mms[22m[39m
     [33m[2m✓[22m[39m slack and discord channels have no-op sync_commands [33m 432[2mms[22m[39m
[90mstdout[2m | tests/channel/instance-store.test.ts[2m > [22m[2mChannelInstanceStore[2m > [22m[2m토큰 생명주기: set → has → get → remove → null
[22m[39m{"ts":"2026-03-08T11:59:06.853Z","level":"info","name":"secret-vault","msg":"master key generated"}

 [32m✓[39m tests/services/reference-store.test.ts [2m([22m[2m11 tests[22m[2m)[22m[33m 567[2mms[22m[39m
[90mstdout[2m | tests/agent/oauth-fetch.test.ts[2m > [22m[2mOAuthFetchTool[2m > [22m[2mfetch: action 미지정 시 fetch로 동작한다
[22m[39m{"ts":"2026-03-08T11:59:06.889Z","level":"info","name":"oauth-fetch","msg":"oauth_fetch","service_id":"github","method":"GET","host":"api.github.com","status":401}

 [32m✓[39m tests/agent/pty/docker-pty.test.ts [2m([22m[2m9 tests[22m[2m)[22m[33m 520[2mms[22m[39m
[90mstdout[2m | tests/channel/instance-store.test.ts[2m > [22m[2mChannelInstanceStore[2m > [22m[2m토큰 생명주기: set → has → get → remove → null
[22m[39m{"ts":"2026-03-08T11:59:06.909Z","level":"info","name":"channel.slack.bottoken","msg":"secret_put","ok":true}

 [32m✓[39m tests/agent/oauth-fetch.test.ts [2m([22m[2m13 tests[22m[2m)[22m[33m 544[2mms[22m[39m
     [33m[2m✓[22m[39m fetch: action 미지정 시 fetch로 동작한다 [33m 534[2mms[22m[39m
[90mstdout[2m | tests/agent/provider-store.test.ts[2m > [22m[2mAgentProviderStore[2m > [22m[2m토큰 생명주기: set → has → get → remove → null
[22m[39m{"ts":"2026-03-08T11:59:06.924Z","level":"info","name":"secret-vault","msg":"master key generated"}

[90mstdout[2m | tests/channel/instance-store.test.ts[2m > [22m[2mChannelInstanceStore[2m > [22m[2m토큰 생명주기: set → has → get → remove → null
[22m[39m{"ts":"2026-03-08T11:59:06.966Z","level":"info","name":"channel.slack.bottoken","msg":"secret_reveal","found":true}

[90mstdout[2m | tests/agent/provider-store.test.ts[2m > [22m[2mAgentProviderStore[2m > [22m[2m토큰 생명주기: set → has → get → remove → null
[22m[39m{"ts":"2026-03-08T11:59:06.979Z","level":"info","name":"agent.openrouter.apikey","msg":"secret_put","ok":true}

 [32m✓[39m tests/agent/memory-store-daily-layout.test.ts [2m([22m[2m4 tests[22m[2m)[22m[33m 650[2mms[22m[39m
[90mstdout[2m | tests/channel/instance-store.test.ts[2m > [22m[2mChannelInstanceStore[2m > [22m[2m토큰 생명주기: set → has → get → remove → null
[22m[39m{"ts":"2026-03-08T11:59:06.986Z","level":"info","name":"channel.slack.bottoken","msg":"secret_remove","removed":true}

[90mstdout[2m | tests/security/secret-vault-sqlite.test.ts[2m > [22m[2msecret vault sqlite[2m > [22m[2mpersists secrets in sqlite store and resolves values
[22m[39m{"ts":"2026-03-08T11:59:06.983Z","level":"info","name":"secret-vault","msg":"master key generated"}

[90mstdout[2m | tests/channel/instance-store.test.ts[2m > [22m[2mChannelInstanceStore[2m > [22m[2m토큰 생명주기: set → has → get → remove → null
[22m[39m{"ts":"2026-03-08T11:59:07.004Z","level":"info","name":"channel.slack.bottoken","msg":"secret_reveal","found":false}

[90mstdout[2m | tests/security/secret-vault-sqlite.test.ts[2m > [22m[2msecret vault sqlite[2m > [22m[2mpersists secrets in sqlite store and resolves values
[22m[39m{"ts":"2026-03-08T11:59:07.013Z","level":"info","name":"api_key","msg":"secret_put","ok":true}

[90mstdout[2m | tests/agent/provider-store.test.ts[2m > [22m[2mAgentProviderStore[2m > [22m[2m토큰 생명주기: set → has → get → remove → null
[22m[39m{"ts":"2026-03-08T11:59:07.029Z","level":"info","name":"agent.openrouter.apikey","msg":"secret_reveal","found":true}

[90mstdout[2m | tests/agent/provider-store.test.ts[2m > [22m[2mAgentProviderStore[2m > [22m[2m토큰 생명주기: set → has → get → remove → null
[22m[39m{"ts":"2026-03-08T11:59:07.053Z","level":"info","name":"agent.openrouter.apikey","msg":"secret_remove","removed":true}

 [32m✓[39m tests/channel/dispatch-retry-integration.test.ts [2m([22m[2m8 tests[22m[2m)[22m[33m 501[2mms[22m[39m
 [32m✓[39m tests/provider/rate-limiter.test.ts [2m([22m[2m8 tests[22m[2m)[22m[32m 281[2mms[22m[39m
 [32m✓[39m tests/agent/kanban-e2e.test.ts [2m([22m[2m19 tests[22m[2m)[22m[33m 508[2mms[22m[39m
[90mstdout[2m | tests/agent/provider-store.test.ts[2m > [22m[2mAgentProviderStore[2m > [22m[2m토큰 생명주기: set → has → get → remove → null
[22m[39m{"ts":"2026-03-08T11:59:07.073Z","level":"info","name":"agent.openrouter.apikey","msg":"secret_reveal","found":false}

[90mstdout[2m | tests/security/secret-vault-sqlite.test.ts[2m > [22m[2msecret vault sqlite[2m > [22m[2mpersists secrets in sqlite store and resolves values
[22m[39m{"ts":"2026-03-08T11:59:07.086Z","level":"info","name":"api_key","msg":"secret_reveal","found":true}

 [32m✓[39m tests/channel/instance-store.test.ts [2m([22m[2m4 tests[22m[2m)[22m[33m 406[2mms[22m[39m
 [32m✓[39m tests/agent/provider-store.test.ts [2m([22m[2m2 tests[22m[2m)[22m[33m 334[2mms[22m[39m
 [32m✓[39m tests/security/secret-vault-sqlite.test.ts [2m([22m[2m1 test[22m[2m)[22m[32m 226[2mms[22m[39m
 [32m✓[39m tests/agent/nodes/package-manager.test.ts [2m([22m[2m3 tests[22m[2m)[22m[33m 4874[2mms[22m[39m
     [33m[2m✓[22m[39m execute: should execute handler [33m 4871[2mms[22m[39m
 [32m✓[39m tests/agent/nodes/ssh.test.ts [2m([22m[2m6 tests[22m[2m)[22m[33m 499[2mms[22m[39m
 [32m✓[39m tests/agent/nodes/web-scrape.test.ts [2m([22m[2m9 tests[22m[2m)[22m[32m 226[2mms[22m[39m
 [32m✓[39m tests/agent/nodes/system-info.test.ts [2m([22m[2m3 tests[22m[2m)[22m[33m 1414[2mms[22m[39m
     [33m[2m✓[22m[39m execute: should execute handler [33m 1410[2mms[22m[39m
 [32m✓[39m tests/agent/context-memory-injection.test.ts [2m([22m[2m1 test[22m[2m)[22m[32m 261[2mms[22m[39m
 [32m✓[39m tests/agent/nodes/web-table.test.ts [2m([22m[2m10 tests[22m[2m)[22m[32m 223[2mms[22m[39m
 [32m✓[39m tests/agent/nodes/healthcheck.test.ts [2m([22m[2m12 tests[22m[2m)[22m[32m 215[2mms[22m[39m
 [32m✓[39m tests/agent/nodes/code.test.ts [2m([22m[2m51 tests[22m[2m)[22m[32m 195[2mms[22m[39m
 [32m✓[39m tests/orchestration/persona-spawn-injection.test.ts [2m([22m[2m8 tests[22m[2m)[22m[33m 1783[2mms[22m[39m
 [32m✓[39m tests/agent/skills-always.test.ts [2m([22m[2m1 test[22m[2m)[22m[32m 113[2mms[22m[39m
 [32m✓[39m tests/agent/task-progress.test.ts [2m([22m[2m5 tests[22m[2m)[22m[32m 80[2mms[22m[39m
 [32m✓[39m tests/agent/nodes/file.test.ts [2m([22m[2m36 tests[22m[2m)[22m[32m 226[2mms[22m[39m
 [32m✓[39m tests/config/config-defaults.test.ts [2m([22m[2m7 tests[22m[2m)[22m[32m 134[2mms[22m[39m
(node:140512) Warning: `--localstorage-file` was provided without a valid path
(Use `node --trace-warnings ...` to show where the warning was created)
 [32m✓[39m tests/agent/dynamic-tools-sqlite.test.ts [2m([22m[2m1 test[22m[2m)[22m[32m 115[2mms[22m[39m
 [32m✓[39m tests/agent/workspace-handler-integration.test.ts [2m([22m[2m9 tests[22m[2m)[22m[33m 6495[2mms[22m[39m
     [33m[2m✓[22m[39m working_dir 미지정 시 ctx.workspace가 cwd [33m 946[2mms[22m[39m
     [33m[2m✓[22m[39m git status가 ctx.workspace 디렉터리에서 실행됨 [33m 462[2mms[22m[39m
     [33m[2m✓[22m[39m list 명령이 ctx.workspace에서 실행됨 [33m 4832[2mms[22m[39m
 [32m✓[39m tests/bus/message-bus.test.ts [2m([22m[2m13 tests[22m[2m)[22m[32m 59[2mms[22m[39m
 [32m✓[39m tests/agent/workspace-propagation.test.ts [2m([22m[2m7 tests[22m[2m)[22m[32m 64[2mms[22m[39m
 [32m✓[39m tests/agent/backend-switching.test.ts [2m([22m[2m11 tests[22m[2m | [22m[33m1 skipped[39m[2m)[22m[32m 56[2mms[22m[39m
 [32m✓[39m tests/agent/exec-tool-guard.test.ts [2m([22m[2m2 tests[22m[2m)[22m[32m 62[2mms[22m[39m
 [32m✓[39m tests/agent/crontab-tool.test.ts [2m([22m[2m19 tests[22m[2m)[22m[32m 200[2mms[22m[39m
 [32m✓[39m tests/agent/datetime-tool.test.ts [2m([22m[2m35 tests[22m[2m)[22m[32m 33[2mms[22m[39m
 [32m✓[39m tests/agent/node-handlers.test.ts [2m([22m[2m37 tests[22m[2m)[22m[32m 106[2mms[22m[39m
 [32m✓[39m tests/agent/circuit-breaker-tool.test.ts [2m([22m[2m9 tests[22m[2m)[22m[32m 25[2mms[22m[39m
 [32m✓[39m tests/agent/document-tool.test.ts [2m([22m[2m28 tests[22m[2m)[22m[33m 473[2mms[22m[39m
 [32m✓[39m tests/agent/node-handlers-extended.test.ts [2m([22m[2m60 tests[22m[2m)[22m[32m 28[2mms[22m[39m
(node:180696) Warning: `--localstorage-file` was provided without a valid path
(Use `node --trace-warnings ...` to show where the warning was created)
(node:118708) Warning: `--localstorage-file` was provided without a valid path
(Use `node --trace-warnings ...` to show where the warning was created)
 [32m✓[39m tests/agent/approval-bridge.test.ts [2m([22m[2m18 tests[22m[2m)[22m[32m 26[2mms[22m[39m
 [32m✓[39m tests/agent/cron-tool.test.ts [2m([22m[2m22 tests[22m[2m)[22m[32m 14[2mms[22m[39m
 [32m✓[39m tests/agent/workflow-tool.test.ts [2m([22m[2m20 tests[22m[2m)[22m[32m 18[2mms[22m[39m
 [32m✓[39m tests/agent/kanban-tool.test.ts [2m([22m[2m22 tests[22m[2m)[22m[32m 14[2mms[22m[39m
 [32m✓[39m tests/agent/approval-parser.test.ts [2m([22m[2m77 tests[22m[2m)[22m[32m 12[2mms[22m[39m
 [32m✓[39m tests/session/session-store-stress.test.ts [2m([22m[2m16 tests[22m[2m)[22m[33m 10365[2mms[22m[39m
     [33m[2m✓[22m[39m 같은 세션에 50개 메시지를 동시 append해도 손실 없음 [33m 574[2mms[22m[39m
     [33m[2m✓[22m[39m append된 메시지의 idx가 연속적이고 유일함 [33m 392[2mms[22m[39m
     [33m[2m✓[22m[39m 서로 다른 세션에 동시 쓰기 시 격리 보장 [33m 1443[2mms[22m[39m
     [33m[2m✓[22m[39m 100개 세션에 동시 쓰기 후 모든 데이터 정합성 확인 [33m 6580[2mms[22m[39m
 [32m✓[39m tests/agent/provider-factory.test.ts [2m([22m[2m13 tests[22m[2m)[22m[32m 7[2mms[22m[39m
 [32m✓[39m tests/agent/workflow-spotify-e2e.test.ts [2m([22m[2m15 tests[22m[2m)[22m[32m 224[2mms[22m[39m
 [32m✓[39m tests/agent/policy-tool.test.ts [2m([22m[2m11 tests[22m[2m)[22m[32m 12[2mms[22m[39m
 [32m✓[39m tests/agent/pty/agent-bus.test.ts [2m([22m[2m7 tests[22m[2m)[22m[33m 3917[2mms[22m[39m
     [33m[2m✓[22m[39m send_and_wait으로 mock agent에게 메시지를 보내고 응답을 받는다 [33m 465[2mms[22m[39m
     [33m[2m✓[22m[39m 출력 이벤트를 스트리밍으로 수신한다 [33m 483[2mms[22m[39m
     [33m[2m✓[22m[39m 여러 세션을 독립적으로 관리한다 [33m 537[2mms[22m[39m
     [33m[2m✓[22m[39m 같은 세션에 연속 메시지를 보낼 수 있다 [33m 590[2mms[22m[39m
     [33m[2m✓[22m[39m remove_session으로 세션을 정리한다 [33m 1269[2mms[22m[39m
     [33m[2m✓[22m[39m 에러 응답을 올바르게 전달한다 [33m 569[2mms[22m[39m
 [32m✓[39m tests/providers/circuit-breaker.test.ts [2m([22m[2m10 tests[22m[2m)[22m[32m 129[2mms[22m[39m
 [32m✓[39m tests/agent/workflow-e2e.test.ts [2m([22m[2m25 tests[22m[2m)[22m[32m 12[2mms[22m[39m
(node:101044) Warning: `--localstorage-file` was provided without a valid path
(Use `node --trace-warnings ...` to show where the warning was created)
 [32m✓[39m tests/agent/pty/semaphore.test.ts [2m([22m[2m5 tests[22m[2m)[22m[32m 114[2mms[22m[39m
 [32m✓[39m tests/agent/nodes/graphql.test.ts [2m([22m[2m5 tests[22m[2m)[22m[33m 328[2mms[22m[39m
     [33m[2m✓[22m[39m execute: should execute query [33m 325[2mms[22m[39m
 [32m✓[39m tests/ops/workflow-events-sqlite-detail.test.ts [2m([22m[2m1 test[22m[2m)[22m[32m 112[2mms[22m[39m
 [32m✓[39m tests/agent/nodes/ftp.test.ts [2m([22m[2m6 tests[22m[2m)[22m[32m 179[2mms[22m[39m
 [32m✓[39m tests/agent/role-skill-loading.test.ts [2m([22m[2m11 tests[22m[2m)[22m[32m 100[2mms[22m[39m
 [32m✓[39m tests/agent/nodes/retriever.test.ts [2m([22m[2m9 tests[22m[2m)[22m[32m 177[2mms[22m[39m
 [32m✓[39m tests/agent/nodes/redis.test.ts [2m([22m[2m7 tests[22m[2m)[22m[32m 93[2mms[22m[39m
 [32m✓[39m tests/agent/pty/container-pool.test.ts [2m([22m[2m8 tests[22m[2m)[22m[33m 1110[2mms[22m[39m
     [33m[2m✓[22m[39m 프로세스 종료 시 자동으로 pool에서 제거된다 [33m 315[2mms[22m[39m
 [32m✓[39m tests/agent/nodes/regex.test.ts [2m([22m[2m41 tests[22m[2m)[22m[33m 9347[2mms[22m[39m
       [33m[2m✓[22m[39m should handle regex timeout gracefully [33m 9334[2mms[22m[39m
 [32m✓[39m tests/channel/dispatch-retry.test.ts [2m([22m[2m6 tests[22m[2m)[22m[32m 64[2mms[22m[39m
 [32m✓[39m tests/heartbeat/heartbeat-service.test.ts [2m([22m[2m17 tests[22m[2m)[22m[32m 73[2mms[22m[39m
 [32m✓[39m tests/agent/nodes/batch.test.ts [2m([22m[2m30 tests[22m[2m)[22m[32m 52[2mms[22m[39m
 [32m✓[39m tests/ops/runtime-admin-mcp-store.test.ts [2m([22m[2m1 test[22m[2m)[22m[32m 54[2mms[22m[39m
 [32m✓[39m tests/channel/channels-dlq-store.test.ts [2m([22m[2m1 test[22m[2m)[22m[32m 74[2mms[22m[39m
 [32m✓[39m tests/agent/nodes/password.test.ts [2m([22m[2m10 tests[22m[2m)[22m[32m 45[2mms[22m[39m
 [32m✓[39m tests/channels/media-collector-datauri.test.ts [2m([22m[2m6 tests[22m[2m)[22m[32m 44[2mms[22m[39m
 [32m✓[39m tests/agent/pty/bridge-mcp-server.test.ts [2m([22m[2m5 tests[22m[2m)[22m[33m 845[2mms[22m[39m
(node:246204) Warning: `--localstorage-file` was provided without a valid path
(Use `node --trace-warnings ...` to show where the warning was created)
 [32m✓[39m tests/providers/health-scorer.test.ts [2m([22m[2m8 tests[22m[2m)[22m[32m 36[2mms[22m[39m
 [32m✓[39m tests/dashboard/static-server.test.ts [2m([22m[2m9 tests[22m[2m)[22m[32m 37[2mms[22m[39m
 [32m✓[39m tests/orchestration/execution/phase-workflow.test.ts [2m([22m[2m21 tests[22m[2m)[22m[32m 30[2mms[22m[39m
 [32m✓[39m tests/agent/nodes/diagram.test.ts [2m([22m[2m10 tests[22m[2m)[22m[32m 37[2mms[22m[39m
 [32m✓[39m tests/agent/semver-tool.test.ts [2m([22m[2m25 tests[22m[2m)[22m[32m 17[2mms[22m[39m
 [32m✓[39m tests/dashboard/media-store.test.ts [2m([22m[2m14 tests[22m[2m)[22m[32m 26[2mms[22m[39m
 [32m✓[39m tests/agent/nodes/xml.test.ts [2m([22m[2m9 tests[22m[2m)[22m[32m 34[2mms[22m[39m
 [32m✓[39m tests/agent/nodes/pdf.test.ts [2m([22m[2m9 tests[22m[2m)[22m[32m 8[2mms[22m[39m
 [32m✓[39m tests/ops/runtime-instance-lock.test.ts [2m([22m[2m1 test[22m[2m)[22m[32m 66[2mms[22m[39m
 [32m✓[39m tests/agent/nodes/compress.test.ts [2m([22m[2m10 tests[22m[2m)[22m[32m 21[2mms[22m[39m
 [32m✓[39m tests/cron/cron-service-and-routing.test.ts [2m([22m[2m4 tests[22m[2m)[22m[33m 314[2mms[22m[39m
(node:13292) Warning: `--localstorage-file` was provided without a valid path
(Use `node --trace-warnings ...` to show where the warning was created)
 [32m✓[39m tests/agent/nodes/webhook.test.ts [2m([22m[2m39 tests[22m[2m)[22m[32m 15[2mms[22m[39m
 [32m✓[39m tests/bus/bounded-queue.test.ts [2m([22m[2m17 tests[22m[2m)[22m[32m 24[2mms[22m[39m
(node:286032) Warning: `--localstorage-file` was provided without a valid path
(Use `node --trace-warnings ...` to show where the warning was created)
 [32m✓[39m tests/agent/nodes/rss.test.ts [2m([22m[2m6 tests[22m[2m)[22m[32m 9[2mms[22m[39m
(node:173192) Warning: `--localstorage-file` was provided without a valid path
(Use `node --trace-warnings ...` to show where the warning was created)
(node:164584) Warning: `--localstorage-file` was provided without a valid path
(Use `node --trace-warnings ...` to show where the warning was created)
 [32m✓[39m tests/agent/nodes/docker.test.ts [2m([22m[2m47 tests[22m[2m)[22m[32m 15[2mms[22m[39m
 [32m✓[39m tests/agent/nodes/cache.test.ts [2m([22m[2m36 tests[22m[2m)[22m[32m 23[2mms[22m[39m
 [32m✓[39m tests/agent/nodes/llm.test.ts [2m([22m[2m48 tests[22m[2m)[22m[32m 20[2mms[22m[39m
(node:247632) Warning: `--localstorage-file` was provided without a valid path
(Use `node --trace-warnings ...` to show where the warning was created)
 [32m✓[39m tests/channel/output-sanitizer.test.ts [2m([22m[2m56 tests[22m[2m)[22m[32m 19[2mms[22m[39m
 [32m✓[39m tests/orchestration/approval-hitl.test.ts [2m([22m[2m16 tests[22m[2m)[22m[32m 166[2mms[22m[39m
 [32m✓[39m tests/agent/pty/cli-adapter.test.ts [2m([22m[2m77 tests[22m[2m)[22m[32m 25[2mms[22m[39m
 [32m✓[39m tests/orchestration/hitl-compound.test.ts [2m([22m[2m7 tests[22m[2m)[22m[32m 123[2mms[22m[39m
 [32m✓[39m tests/agent/pty/inter-agent.test.ts [2m([22m[2m9 tests[22m[2m)[22m[32m 180[2mms[22m[39m
 [32m✓[39m tests/agent/nodes/task.test.ts [2m([22m[2m42 tests[22m[2m)[22m[32m 18[2mms[22m[39m
(node:218732) Warning: `--localstorage-file` was provided without a valid path
(Use `node --trace-warnings ...` to show where the warning was created)
 [32m✓[39m tests/channel/channel-manager-message-capabilities.test.ts [2m([22m[2m17 tests[22m[2m)[22m[32m 262[2mms[22m[39m
 [32m✓[39m tests/channel/task-handler.test.ts [2m([22m[2m19 tests[22m[2m)[22m[32m 17[2mms[22m[39m
 [32m✓[39m tests/channel/guard-handler.test.ts [2m([22m[2m6 tests[22m[2m)[22m[32m 15[2mms[22m[39m
 [32m✓[39m tests/channel/streaming-integration.test.ts [2m([22m[2m10 tests[22m[2m)[22m[32m 133[2mms[22m[39m
 [32m✓[39m tests/agent/nodes/promise.test.ts [2m([22m[2m37 tests[22m[2m)[22m[32m 19[2mms[22m[39m
 [32m✓[39m tests/agent/nodes/text.test.ts [2m([22m[2m40 tests[22m[2m)[22m[32m 19[2mms[22m[39m
 [32m✓[39m tests/agent/nodes/loop.test.ts [2m([22m[2m35 tests[22m[2m)[22m[32m 16[2mms[22m[39m
 [32m✓[39m tests/agent/pty/secret-reader.test.ts [2m([22m[2m4 tests[22m[2m)[22m[32m 23[2mms[22m[39m
 [32m✓[39m tests/agent/nodes/approval.test.ts [2m([22m[2m30 tests[22m[2m)[22m[32m 18[2mms[22m[39m
 [32m✓[39m tests/agent/nodes/decision.test.ts [2m([22m[2m27 tests[22m[2m)[22m[32m 18[2mms[22m[39m
[90mstdout[2m | tests/services/model-catalog.test.ts[2m > [22m[2mmodel-catalog — fetch mock (네트워크)[2m > [22m[2mfetch_openrouter_models: 성공 응답 파싱
[22m[39m{"ts":"2026-03-08T11:59:15.723Z","level":"info","name":"model-catalog","msg":"openrouter models fetched","count":2}

[90mstdout[2m | tests/services/model-catalog.test.ts[2m > [22m[2mmodel-catalog — fetch mock (네트워크)[2m > [22m[2mfetch_openrouter_models: API 오류 → 빈 배열
[22m[39m{"ts":"2026-03-08T11:59:15.729Z","level":"warn","name":"model-catalog","msg":"openrouter /models failed","status":401}

[90mstdout[2m | tests/services/model-catalog.test.ts[2m > [22m[2mmodel-catalog — fetch mock (네트워크)[2m > [22m[2mfetch_openrouter_models: 네트워크 오류 → 빈 배열
[22m[39m{"ts":"2026-03-08T11:59:15.729Z","level":"warn","name":"model-catalog","msg":"openrouter models fetch error","error":"Error: network error"}

[90mstdout[2m | tests/services/model-catalog.test.ts[2m > [22m[2mmodel-catalog — fetch mock (네트워크)[2m > [22m[2mfetch_openai_models: 성공 응답 파싱 — embed ID 패턴 감지
[22m[39m{"ts":"2026-03-08T11:59:15.730Z","level":"info","name":"model-catalog","msg":"openai models fetched","api_base":"https://api.openai.com/v1","count":2}

[90mstdout[2m | tests/services/model-catalog.test.ts[2m > [22m[2mmodel-catalog — fetch mock (네트워크)[2m > [22m[2mfetch_openai_models: 실패 → 빈 배열
[22m[39m{"ts":"2026-03-08T11:59:15.730Z","level":"warn","name":"model-catalog","msg":"openai /models failed","status":500,"api_base":"https://api.openai.com/v1"}

[90mstdout[2m | tests/services/model-catalog.test.ts[2m > [22m[2mmodel-catalog — fetch mock (네트워크)[2m > [22m[2mfetch_ollama_models: 성공 응답 파싱 — bert family → embedding
[22m[39m{"ts":"2026-03-08T11:59:15.731Z","level":"info","name":"model-catalog","msg":"ollama models fetched","base":"http://localhost:11434","count":2}

[90mstdout[2m | tests/services/model-catalog.test.ts[2m > [22m[2mmodel-catalog — fetch mock (네트워크)[2m > [22m[2mfetch_ollama_models: 실패 → 빈 배열
[22m[39m{"ts":"2026-03-08T11:59:15.731Z","level":"warn","name":"model-catalog","msg":"ollama models fetch error","base":"http://localhost:11434","error":"Error: connection refused"}

 [32m✓[39m tests/channel/approval-service.test.ts [2m([22m[2m13 tests[22m[2m)[22m[32m 13[2mms[22m[39m
 [32m✓[39m tests/services/model-catalog.test.ts [2m([22m[2m18 tests[22m[2m)[22m[32m 17[2mms[22m[39m
 [32m✓[39m tests/channel/task-resume.test.ts [2m([22m[2m12 tests[22m[2m)[22m[32m 17[2mms[22m[39m
 [32m✓[39m tests/orchestration/tool-call-handler.test.ts [2m([22m[2m24 tests[22m[2m)[22m[32m 17[2mms[22m[39m
 [32m✓[39m tests/agent/nodes/http.test.ts [2m([22m[2m51 tests[22m[2m)[22m[33m 13478[2mms[22m[39m
       [33m[2m✓[22m[39m should make GET request and return response [33m 1377[2mms[22m[39m
       [33m[2m✓[22m[39m should handle POST request with JSON body [33m 847[2mms[22m[39m
       [33m[2m✓[22m[39m should resolve template in URL [33m 374[2mms[22m[39m
       [33m[2m✓[22m[39m should resolve template in headers [33m 438[2mms[22m[39m
       [33m[2m✓[22m[39m should resolve template in body [33m 348[2mms[22m[39m
       [33m[2m✓[22m[39m should allow https protocol [33m 739[2mms[22m[39m
       [33m[2m✓[22m[39m should allow public IP addresses [33m 522[2mms[22m[39m
       [33m[2m✓[22m[39m should enforce maximum timeout of 30 seconds [33m 1675[2mms[22m[39m
       [33m[2m✓[22m[39m should use default timeout of 10 seconds [33m 744[2mms[22m[39m
       [33m[2m✓[22m[39m should truncate responses exceeding 50,000 characters [33m 1160[2mms[22m[39m
       [33m[2m✓[22m[39m should support POST method [33m 731[2mms[22m[39m
       [33m[2m✓[22m[39m should support DELETE method [33m 650[2mms[22m[39m
       [33m[2m✓[22m[39m should handle response with headers and parsed JSON body [33m 684[2mms[22m[39m
 [32m✓[39m tests/dashboard/ops-factory.test.ts [2m([22m[2m28 tests[22m[2m)[22m[32m 111[2mms[22m[39m
 [32m✓[39m tests/agent/nodes/db.test.ts [2m([22m[2m35 tests[22m[2m)[22m[32m 16[2mms[22m[39m
 [32m✓[39m tests/agent/nodes/oauth.test.ts [2m([22m[2m27 tests[22m[2m)[22m[32m 16[2mms[22m[39m
(node:294992) Warning: `--localstorage-file` was provided without a valid path
(Use `node --trace-warnings ...` to show where the warning was created)
 [32m✓[39m tests/agent/nodes/format.test.ts [2m([22m[2m12 tests[22m[2m)[22m[32m 15[2mms[22m[39m
HELLO_PTY_E2E(node:220412) Warning: `--localstorage-file` was provided without a valid path
(Use `node --trace-warnings ...` to show where the warning was created)
 [32m✓[39m tests/channel/agent-handler.test.ts [2m([22m[2m12 tests[22m[2m)[22m[32m 13[2mms[22m[39m
 [32m✓[39m tests/provider/cli-protocol.test.ts [2m([22m[2m33 tests[22m[2m)[22m[32m 11[2mms[22m[39m
 [32m✓[39m tests/channel/rendering.test.ts [2m([22m[2m34 tests[22m[2m)[22m[32m 65[2mms[22m[39m
 [32m✓[39m tests/agent/nodes/process.test.ts [2m([22m[2m34 tests[22m[2m)[22m[32m 11[2mms[22m[39m
 [32m✓[39m tests/security/content-sanitizer.test.ts [2m([22m[2m34 tests[22m[2m)[22m[32m 12[2mms[22m[39m
 [32m✓[39m tests/orchestration/execution/continue-task-loop.test.ts [2m([22m[2m12 tests[22m[2m)[22m[32m 18[2mms[22m[39m
 [32m✓[39m tests/orchestration/execute-dispatcher.test.ts [2m([22m[2m20 tests[22m[2m)[22m[32m 15[2mms[22m[39m
 [32m✓[39m tests/agent/uuid-tool.test.ts [2m([22m[2m15 tests[22m[2m)[22m[32m 13[2mms[22m[39m
 [32m✓[39m tests/security/inbound-seal.test.ts [2m([22m[2m22 tests[22m[2m)[22m[32m 12[2mms[22m[39m
 [32m✓[39m tests/agent/nodes/media.test.ts [2m([22m[2m30 tests[22m[2m)[22m[32m 13[2mms[22m[39m
 [32m✓[39m tests/agent/nodes/encoding.test.ts [2m([22m[2m45 tests[22m[2m)[22m[32m 14[2mms[22m[39m
 [32m✓[39m tests/orchestration/execution/run-task-loop.test.ts [2m([22m[2m16 tests[22m[2m)[22m[32m 20[2mms[22m[39m
(node:104380) Warning: `--localstorage-file` was provided without a valid path
(Use `node --trace-warnings ...` to show where the warning was created)
 [32m✓[39m tests/agent/special-node-runner.test.ts [2m([22m[2m18 tests[22m[2m)[22m[32m 13[2mms[22m[39m
 [32m✓[39m tests/agent/nodes/changelog.test.ts [2m([22m[2m11 tests[22m[2m)[22m[32m 12[2mms[22m[39m
(node:133476) Warning: `--localstorage-file` was provided without a valid path
(Use `node --trace-warnings ...` to show where the warning was created)
 [32m✓[39m tests/orchestration/workflow-loader.test.ts [2m([22m[2m30 tests[22m[2m)[22m[32m 16[2mms[22m[39m
(node:259588) Warning: `--localstorage-file` was provided without a valid path
(Use `node --trace-warnings ...` to show where the warning was created)
(node:135396) Warning: `--localstorage-file` was provided without a valid path
(Use `node --trace-warnings ...` to show where the warning was created)
(node:125040) Warning: `--localstorage-file` was provided without a valid path
(Use `node --trace-warnings ...` to show where the warning was created)
 [32m✓[39m tests/agent/tool-call-guard.test.ts [2m([22m[2m8 tests[22m[2m)[22m[32m 15[2mms[22m[39m
 [32m✓[39m tests/channel/skill-handler.test.ts [2m([22m[2m10 tests[22m[2m)[22m[32m 13[2mms[22m[39m
 [32m✓[39m tests/channel/channel-pipeline-integration.test.ts [2m([22m[2m180 tests[22m[2m)[22m[33m 10937[2mms[22m[39m
     [33m[2m✓[22m[39m 스트리밍 중 생성된 파일이 최종 응답에 첨부된다 [33m 2650[2mms[22m[39m
     [33m[2m✓[22m[39m 스트리밍 도중 에러 발생 시 에러 응답이 나간다 (스트림 메시지는 남아있음) [33m 1312[2mms[22m[39m
     [33m[2m✓[22m[39m task 모드에서 스트리밍 진행 상황이 중간에 전달된다 [33m 3951[2mms[22m[39m
 [32m✓[39m tests/ops/bus-inbound-consumer.test.ts [2m([22m[2m6 tests[22m[2m)[22m[32m 74[2mms[22m[39m
 [32m✓[39m tests/channel/stats-handler.test.ts [2m([22m[2m6 tests[22m[2m)[22m[32m 13[2mms[22m[39m
(node:240780) Warning: `--localstorage-file` was provided without a valid path
(Use `node --trace-warnings ...` to show where the warning was created)
 [32m✓[39m tests/agent/nodes/similarity.test.ts [2m([22m[2m9 tests[22m[2m)[22m[32m 11[2mms[22m[39m
(node:184692) Warning: `--localstorage-file` was provided without a valid path
(Use `node --trace-warnings ...` to show where the warning was created)
 [32m✓[39m tests/config/config-meta.test.ts [2m([22m[2m7 tests[22m[2m)[22m[32m 12[2mms[22m[39m
 [32m✓[39m tests/orchestration/agent-hooks-stream.test.ts [2m([22m[2m20 tests[22m[2m)[22m[32m 14[2mms[22m[39m
 [32m✓[39m tests/agent/nodes/merge.test.ts [2m([22m[2m28 tests[22m[2m)[22m[32m 12[2mms[22m[39m
 [32m✓[39m tests/agent/nodes/set.test.ts [2m([22m[2m34 tests[22m[2m)[22m[32m 12[2mms[22m[39m
 [32m✓[39m tests/agent/nodes/archive.test.ts [2m([22m[2m24 tests[22m[2m)[22m[32m 13[2mms[22m[39m
 [32m✓[39m tests/orchestration/execution/run-agent-loop.test.ts [2m([22m[2m10 tests[22m[2m)[22m[32m 16[2mms[22m[39m
 [32m✓[39m tests/orchestration/process-tracker.test.ts [2m([22m[2m25 tests[22m[2m)[22m[32m 12[2mms[22m[39m
 [32m✓[39m tests/security/sensitive.test.ts [2m([22m[2m29 tests[22m[2m)[22m[32m 9[2mms[22m[39m
 [32m✓[39m tests/agent/nodes/code-diagram.test.ts [2m([22m[2m9 tests[22m[2m)[22m[32m 12[2mms[22m[39m
(node:66400) Warning: `--localstorage-file` was provided without a valid path
(Use `node --trace-warnings ...` to show where the warning was created)
 [32m✓[39m tests/channel/persona-message-renderer.test.ts [2m([22m[2m55 tests[22m[2m)[22m[32m 12[2mms[22m[39m
 [32m✓[39m tests/orchestration/orchestrator-execution-routing.test.ts [2m([22m[2m2 tests[22m[2m)[22m[32m 56[2mms[22m[39m
 [32m✓[39m tests/orchestration/orchestrator-direct-commands.test.ts [2m([22m[2m4 tests[22m[2m)[22m[32m 91[2mms[22m[39m
 [32m✓[39m tests/agent/nodes/crypto.test.ts [2m([22m[2m12 tests[22m[2m)[22m[32m 10[2mms[22m[39m
[90mstdout[2m | tests/services/webhook-store.test.ts[2m > [22m[2mWebhookStore[2m > [22m[2mpush + get: FIFO 순서로 소비
[22m[39m{"ts":"2026-03-08T11:59:18.295Z","level":"info","name":"webhook-store","msg":"webhook received","path":"/hooks/test","method":"POST"}
{"ts":"2026-03-08T11:59:18.295Z","level":"info","name":"webhook-store","msg":"webhook received","path":"/hooks/test","method":"PUT"}

[90mstdout[2m | tests/services/webhook-store.test.ts[2m > [22m[2mWebhookStore[2m > [22m[2mpush: 경로 정규화 — 슬래시 없는 경로에 자동 추가
[22m[39m{"ts":"2026-03-08T11:59:18.297Z","level":"info","name":"webhook-store","msg":"webhook received","path":"/hooks/test","method":"POST"}

[90mstdout[2m | tests/services/webhook-store.test.ts[2m > [22m[2mWebhookStore[2m > [22m[2mpush: 큐 크기 제한 (MAX_QUEUE_SIZE=100)
[22m[39m{"ts":"2026-03-08T11:59:18.297Z","level":"info","name":"webhook-store","msg":"webhook received","path":"/overflow","method":"POST"}
{"ts":"2026-03-08T11:59:18.297Z","level":"info","name":"webhook-store","msg":"webhook received","path":"/overflow","method":"POST"}
{"ts":"2026-03-08T11:59:18.297Z","level":"info","name":"webhook-store","msg":"webhook received","path":"/overflow","method":"POST"}
{"ts":"2026-03-08T11:59:18.297Z","level":"info","name":"webhook-store","msg":"webhook received","path":"/overflow","method":"POST"}
{"ts":"2026-03-08T11:59:18.297Z","level":"info","name":"webhook-store","msg":"webhook received","path":"/overflow","method":"POST"}
{"ts":"2026-03-08T11:59:18.297Z","level":"info","name":"webhook-store","msg":"webhook received","path":"/overflow","method":"POST"}
{"ts":"2026-03-08T11:59:18.297Z","level":"info","name":"webhook-store","msg":"webhook received","path":"/overflow","method":"POST"}
{"ts":"2026-03-08T11:59:18.297Z","level":"info","name":"webhook-store","msg":"webhook received","path":"/overflow","method":"POST"}
{"ts":"2026-03-08T11:59:18.297Z","level":"info","name":"webhook-store","msg":"webhook received","path":"/overflow","method":"POST"}
{"ts":"2026-03-08T11:59:18.297Z","level":"info","name":"webhook-store","msg":"webhook received","path":"/overflow","method":"POST"}
{"ts":"2026-03-08T11:59:18.297Z","level":"info","name":"webhook-store","msg":"webhook received","path":"/overflow","method":"POST"}
{"ts":"2026-03-08T11:59:18.297Z","level":"info","name":"webhook-store","msg":"webhook received","path":"/overflow","method":"POST"}
{"ts":"2026-03-08T11:59:18.297Z","level":"info","name":"webhook-store","msg":"webhook received","path":"/overflow","method":"POST"}
{"ts":"2026-03-08T11:59:18.297Z","level":"info","name":"webhook-store","msg":"webhook received","path":"/overflow","method":"POST"}
{"ts":"2026-03-08T11:59:18.297Z","level":"info","name":"webhook-store","msg":"webhook received","path":"/overflow","method":"POST"}
{"ts":"2026-03-08T11:59:18.297Z","level":"info","name":"webhook-store","msg":"webhook received","path":"/overflow","method":"POST"}
{"ts":"2026-03-08T11:59:18.297Z","level":"info","name":"webhook-store","msg":"webhook received","path":"/overflow","method":"POST"}
{"ts":"2026-03-08T11:59:18.297Z","level":"info","name":"webhook-store","msg":"webhook received","path":"/overflow","method":"POST"}
{"ts":"2026-03-08T11:59:18.297Z","level":"info","name":"webhook-store","msg":"webhook received","path":"/overflow","method":"POST"}
{"ts":"2026-03-08T11:59:18.297Z","level":"info","name":"webhook-store","msg":"webhook received","path":"/overflow","method":"POST"}
{"ts":"2026-03-08T11:59:18.297Z","level":"info","name":"webhook-store","msg":"webhook received","path":"/overflow","method":"POST"}
{"ts":"2026-03-08T11:59:18.297Z","level":"info","name":"webhook-store","msg":"webhook received","path":"/overflow","method":"POST"}
{"ts":"2026-03-08T11:59:18.297Z","level":"info","name":"webhook-store","msg":"webhook received","path":"/overflow","method":"POST"}
{"ts":"2026-03-08T11:59:18.297Z","level":"info","name":"webhook-store","msg":"webhook received","path":"/overflow","method":"POST"}
{"ts":"2026-03-08T11:59:18.297Z","level":"info","name":"webhook-store","msg":"webhook received","path":"/overflow","method":"POST"}
{"ts":"2026-03-08T11:59:18.298Z","level":"info","name":"webhook-store","msg":"webhook received","path":"/overflow","method":"POST"}
{"ts":"2026-03-08T11:59:18.298Z","level":"info","name":"webhook-store","msg":"webhook received","path":"/overflow","method":"POST"}
{"ts":"2026-03-08T11:59:18.298Z","level":"info","name":"webhook-store","msg":"webhook received","path":"/overflow","method":"POST"}
{"ts":"2026-03-08T11:59:18.298Z","level":"info","name":"webhook-store","msg":"webhook received","path":"/overflow","method":"POST"}
{"ts":"2026-03-08T11:59:18.298Z","level":"info","name":"webhook-store","msg":"webhook received","path":"/overflow","method":"POST"}
{"ts":"2026-03-08T11:59:18.298Z","level":"info","name":"webhook-store","msg":"webhook received","path":"/overflow","method":"POST"}
{"ts":"2026-03-08T11:59:18.298Z","level":"info","name":"webhook-store","msg":"webhook received","path":"/overflow","method":"POST"}
{"ts":"2026-03-08T11:59:18.298Z","level":"info","name":"webhook-store","msg":"webhook received","path":"/overflow","method":"POST"}
{"ts":"2026-03-08T11:59:18.298Z","level":"info","name":"webhook-store","msg":"webhook received","path":"/overflow","method":"POST"}
{"ts":"2026-03-08T11:59:18.298Z","level":"info","name":"webhook-store","msg":"webhook received","path":"/overflow","method":"POST"}
{"ts":"2026-03-08T11:59:18.298Z","level":"info","name":"webhook-store","msg":"webhook received","path":"/overflow","method":"POST"}
{"ts":"2026-03-08T11:59:18.298Z","level":"info","name":"webhook-store","msg":"webhook received","path":"/overflow","method":"POST"}
{"ts":"2026-03-08T11:59:18.298Z","level":"info","name":"webhook-store","msg":"webhook received","path":"/overflow","method":"POST"}
{"ts":"2026-03-08T11:59:18.298Z","level":"info","name":"webhook-store","msg":"webhook received","path":"/overflow","method":"POST"}
{"ts":"2026-03-08T11:59:18.298Z","level":"info","name":"webhook-store","msg":"webhook received","path":"/overflow","method":"POST"}
{"ts":"2026-03-08T11:59:18.298Z","level":"info","name":"webhook-store","msg":"webhook received","path":"/overflow","method":"POST"}
{"ts":"2026-03-08T11:59:18.298Z","level":"info","name":"webhook-store","msg":"webhook received","path":"/overflow","method":"POST"}
{"ts":"2026-03-08T11:59:18.298Z","level":"info","name":"webhook-store","msg":"webhook received","path":"/overflow","method":"POST"}
{"ts":"2026-03-08T11:59:18.298Z","level":"info","name":"webhook-store","msg":"webhook received","path":"/overflow","method":"POST"}
{"ts":"2026-03-08T11:59:18.298Z","level":"info","name":"webhook-store","msg":"webhook received","path":"/overflow","method":"POST"}
{"ts":"2026-03-08T11:59:18.298Z","level":"info","name":"webhook-store","msg":"webhook received","path":"/overflow","method":"POST"}
{"ts":"2026-03-08T11:59:18.298Z","level":"info","name":"webhook-store","msg":"webhook received","path":"/overflow","method":"POST"}
{"ts":"2026-03-08T11:59:18.298Z","level":"info","name":"webhook-store","msg":"webhook received","path":"/overflow","method":"POST"}
{"ts":"2026-03-08T11:59:18.298Z","level":"info","name":"webhook-store","msg":"webhook received","path":"/overflow","method":"POST"}
{"ts":"2026-03-08T11:59:18.298Z","level":"info","name":"webhook-store","msg":"webhook received","path":"/overflow","method":"POST"}
{"ts":"2026-03-08T11:59:18.298Z","level":"info","name":"webhook-store","msg":"webhook received","path":"/overflow","method":"POST"}
{"ts":"2026-03-08T11:59:18.298Z","level":"info","name":"webhook-store","msg":"webhook received","path":"/overflow","method":"POST"}
{"ts":"2026-03-08T11:59:18.298Z","level":"info","name":"webhook-store","msg":"webhook received","path":"/overflow","method":"POST"}
{"ts":"2026-03-08T11:59:18.298Z","level":"info","name":"webhook-store","msg":"webhook received","path":"/overflow","method":"POST"}
{"ts":"2026-03-08T11:59:18.298Z","level":"info","name":"webhook-store","msg":"webhook received","path":"/overflow","method":"POST"}
{"ts":"2026-03-08T11:59:18.298Z","level":"info","name":"webhook-store","msg":"webhook received","path":"/overflow","method":"POST"}
{"ts":"2026-03-08T11:59:18.298Z","level":"info","name":"webhook-store","msg":"webhook received","path":"/overflow","method":"POST"}
{"ts":"2026-03-08T11:59:18.298Z","level":"info","name":"webhook-store","msg":"webhook received","path":"/overflow","method":"POST"}
{"ts":"2026-03-08T11:59:18.298Z","level":"info","name":"webhook-store","msg":"webhook received","path":"/overflow","method":"POST"}
{"ts":"2026-03-08T11:59:18.298Z","level":"info","name":"webhook-store","msg":"webhook received","path":"/overflow","method":"POST"}
{"ts":"2026-03-08T11:59:18.298Z","level":"info","name":"webhook-store","msg":"webhook received","path":"/overflow","method":"POST"}
{"ts":"2026-03-08T11:59:18.298Z","level":"info","name":"webhook-store","msg":"webhook received","path":"/overflow","method":"POST"}
{"ts":"2026-03-08T11:59:18.298Z","level":"info","name":"webhook-store","msg":"webhook received","path":"/overflow","method":"POST"}
{"ts":"2026-03-08T11:59:18.298Z","level":"info","name":"webhook-store","msg":"webhook received","path":"/overflow","method":"POST"}
{"ts":"2026-03-08T11:59:18.298Z","level":"info","name":"webhook-store","msg":"webhook received","path":"/overflow","method":"POST"}
{"ts":"2026-03-08T11:59:18.298Z","level":"info","name":"webhook-store","msg":"webhook received","path":"/overflow","method":"POST"}
{"ts":"2026-03-08T11:59:18.298Z","level":"info","name":"webhook-store","msg":"webhook received","path":"/overflow","method":"POST"}
{"ts":"2026-03-08T11:59:18.298Z","level":"info","name":"webhook-store","msg":"webhook received","path":"/overflow","method":"POST"}
{"ts":"2026-03-08T11:59:18.298Z","level":"info","name":"webhook-store","msg":"webhook received","path":"/overflow","method":"POST"}
{"ts":"2026-03-08T11:59:18.298Z","level":"info","name":"webhook-store","msg":"webhook received","path":"/overflow","method":"POST"}
{"ts":"2026-03-08T11:59:18.298Z","level":"info","name":"webhook-store","msg":"webhook received","path":"/overflow","method":"POST"}
{"ts":"2026-03-08T11:59:18.298Z","level":"info","name":"webhook-store","msg":"webhook received","path":"/overflow","method":"POST"}
{"ts":"2026-03-08T11:59:18.298Z","level":"info","name":"webhook-store","msg":"webhook received","path":"/overflow","method":"POST"}
{"ts":"2026-03-08T11:59:18.298Z","level":"info","name":"webhook-store","msg":"webhook received","path":"/overflow","method":"POST"}
{"ts":"2026-03-08T11:59:18.298Z","level":"info","name":"webhook-store","msg":"webhook received","path":"/overflow","method":"POST"}
{"ts":"2026-03-08T11:59:18.298Z","level":"info","name":"webhook-store","msg":"webhook received","path":"/overflow","method":"POST"}
{"ts":"2026-03-08T11:59:18.298Z","level":"info","name":"webhook-store","msg":"webhook received","path":"/overflow","method":"POST"}
{"ts":"2026-03-08T11:59:18.298Z","level":"info","name":"webhook-store","msg":"webhook received","path":"/overflow","method":"POST"}
{"ts":"2026-03-08T11:59:18.298Z","level":"info","name":"webhook-store","msg":"webhook received","path":"/overflow","method":"POST"}
{"ts":"2026-03-08T11:59:18.298Z","level":"info","name":"webhook-store","msg":"webhook received","path":"/overflow","method":"POST"}
{"ts":"2026-03-08T11:59:18.298Z","level":"info","name":"webhook-store","msg":"webhook received","path":"/overflow","method":"POST"}
{"ts":"2026-03-08T11:59:18.298Z","level":"info","name":"webhook-store","msg":"webhook received","path":"/overflow","method":"POST"}
{"ts":"2026-03-08T11:59:18.298Z","level":"info","name":"webhook-store","msg":"webhook received","path":"/overflow","method":"POST"}
{"ts":"2026-03-08T11:59:18.298Z","level":"info","name":"webhook-store","msg":"webhook received","path":"/overflow","method":"POST"}
{"ts":"2026-03-08T11:59:18.298Z","level":"info","name":"webhook-store","msg":"webhook received","path":"/overflow","method":"POST"}
{"ts":"2026-03-08T11:59:18.298Z","level":"info","name":"webhook-store","msg":"webhook received","path":"/overflow","method":"POST"}
{"ts":"2026-03-08T11:59:18.298Z","level":"info","name":"webhook-store","msg":"webhook received","path":"/overflow","method":"POST"}
{"ts":"2026-03-08T11:59:18.298Z","level":"info","name":"webhook-store","msg":"webhook received","path":"/overflow","method":"POST"}
{"ts":"2026-03-08T11:59:18.298Z","level":"info","name":"webhook-store","msg":"webhook received","path":"/overflow","method":"POST"}
{"ts":"2026-03-08T11:59:18.298Z","level":"info","name":"webhook-store","msg":"webhook received","path":"/overflow","method":"POST"}
{"ts":"2026-03-08T11:59:18.298Z","level":"info","name":"webhook-store","msg":"webhook received","path":"/overflow","method":"POST"}
{"ts":"2026-03-08T11:59:18.298Z","level":"info","name":"webhook-store","msg":"webhook received","path":"/overflow","method":"POST"}
{"ts":"2026-03-08T11:59:18.298Z","level":"info","name":"webhook-store","msg":"webhook received","path":"/overflow","method":"POST"}
{"ts":"2026-03-08T11:59:18.298Z","level":"info","name":"webhook-store","msg":"webhook received","path":"/overflow","method":"POST"}
{"ts":"2026-03-08T11:59:18.298Z","level":"info","name":"webhook-store","msg":"webhook received","path":"/overflow","method":"POST"}
{"ts":"2026-03-08T11:59:18.298Z","level":"info","name":"webhook-store","msg":"webhook received","path":"/overflow","method":"POST"}
{"ts":"2026-03-08T11:59:18.298Z","level":"info","name":"webhook-store","msg":"webhook received","path":"/overflow","method":"POST"}
{"ts":"2026-03-08T11:59:18.298Z","level":"info","name":"webhook-store","msg":"webhook received","path":"/overflow","method":"POST"}
{"ts":"2026-03-08T11:59:18.298Z","level":"info","name":"webhook-store","msg":"webhook received","path":"/overflow","method":"POST"}
{"ts":"2026-03-08T11:59:18.298Z","level":"info","name":"webhook-store","msg":"webhook received","path":"/overflow","method":"POST"}
{"ts":"2026-03-08T11:59:18.298Z","level":"info","name":"webhook-store","msg":"webhook received","path":"/overflow","method":"POST"}
{"ts":"2026-03-08T11:59:18.298Z","level":"info","name":"webhook-store","msg":"webhook received","path":"/overflow","method":"POST"}
{"ts":"2026-03-08T11:59:18.298Z","level":"info","name":"webhook-store","msg":"webhook received","path":"/overflow","method":"POST"}
{"ts":"2026-03-08T11:59:18.298Z","level":"info","name":"webhook-store","msg":"webhook received","path":"/overflow","method":"POST"}
{"ts":"2026-03-08T11:59:18.298Z","level":"info","name":"webhook-store","msg":"webhook received","path":"/overflow","method":"POST"}
{"ts":"2026-03-08T11:59:18.298Z","level":"info","name":"webhook-store","msg":"webhook received","path":"/overflow","method":"POST"}
{"ts":"2026-03-08T11:59:18.298Z","level":"info","name":"webhook-store","msg":"webhook received","path":"/overflow","method":"POST"}
{"ts":"2026-03-08T11:59:18.298Z","level":"info","name":"webhook-store","msg":"webhook received","path":"/overflow","method":"POST"}
{"ts":"2026-03-08T11:59:18.298Z","level":"info","name":"webhook-store","msg":"webhook received","path":"/overflow","method":"POST"}
{"ts":"2026-03-08T11:59:18.298Z","level":"info","name":"webhook-store","msg":"webhook received","path":"/overflow","method":"POST"}

[90mstdout[2m | tests/services/webhook-store.test.ts[2m > [22m[2mWebhookStore[2m > [22m[2mpending_count: 경로별 대기 수 반환
[22m[39m{"ts":"2026-03-08T11:59:18.299Z","level":"info","name":"webhook-store","msg":"webhook received","path":"/a","method":"POST"}
{"ts":"2026-03-08T11:59:18.299Z","level":"info","name":"webhook-store","msg":"webhook received","path":"/a","method":"POST"}
{"ts":"2026-03-08T11:59:18.299Z","level":"info","name":"webhook-store","msg":"webhook received","path":"/b","method":"POST"}

[90mstdout[2m | tests/services/webhook-store.test.ts[2m > [22m[2mWebhookStore[2m > [22m[2mget: TTL 초과 페이로드 스킵
[22m[39m{"ts":"2026-03-08T11:59:18.299Z","level":"info","name":"webhook-store","msg":"webhook received","path":"/expired","method":"POST"}
{"ts":"2026-03-08T11:59:18.299Z","level":"info","name":"webhook-store","msg":"webhook received","path":"/expired","method":"GET"}
{"ts":"2026-03-08T11:59:18.299Z","level":"info","name":"webhook-store","msg":"webhook expired","path":"/expired","age_ms":1860000}

[90mstdout[2m | tests/services/webhook-store.test.ts[2m > [22m[2mWebhookStore[2m > [22m[2mcleanup: 오래된 데이터 정리
[22m[39m{"ts":"2026-03-08T11:59:18.299Z","level":"info","name":"webhook-store","msg":"webhook received","path":"/old","method":"POST"}
{"ts":"2026-03-08T11:59:18.299Z","level":"info","name":"webhook-store","msg":"webhook received","path":"/new","method":"POST"}

 [32m✓[39m tests/services/webhook-store.test.ts [2m([22m[2m7 tests[22m[2m)[22m[32m 11[2mms[22m[39m
 [32m✓[39m tests/orchestration/execution/run-once.test.ts [2m([22m[2m8 tests[22m[2m)[22m[32m 16[2mms[22m[39m
 [32m✓[39m tests/agent/nodes/duration.test.ts [2m([22m[2m11 tests[22m[2m)[22m[32m 11[2mms[22m[39m
 [32m✓[39m tests/channel/session-recorder.test.ts [2m([22m[2m9 tests[22m[2m)[22m[32m 11[2mms[22m[39m
 [32m✓[39m tests/security/secret-slash-aliases.test.ts [2m([22m[2m1 test[22m[2m)[22m[32m 56[2mms[22m[39m
 [32m✓[39m tests/agent/nodes/diff.test.ts [2m([22m[2m11 tests[22m[2m)[22m[32m 12[2mms[22m[39m
 [32m✓[39m tests/utils/common.test.ts [2m([22m[2m36 tests[22m[2m)[22m[32m 13[2mms[22m[39m
(node:78260) Warning: `--localstorage-file` was provided without a valid path
(Use `node --trace-warnings ...` to show where the warning was created)
 [32m✓[39m tests/agent/nodes/hash.test.ts [2m([22m[2m11 tests[22m[2m)[22m[32m 15[2mms[22m[39m
 [32m✓[39m tests/dashboard/sse-manager.test.ts [2m([22m[2m18 tests[22m[2m)[22m[32m 13[2mms[22m[39m
 [32m✓[39m tests/channel/channel-manager-agent-runtime-interface.test.ts [2m([22m[2m2 tests[22m[2m)[22m[32m 50[2mms[22m[39m
[90mstdout[2m | tests/bus/bus-factory.test.ts[2m > [22m[2mcreate_message_bus[2m > [22m[2mbackend=memory → InMemoryMessageBus 반환
[22m[39m{"ts":"2026-03-08T11:59:18.837Z","level":"info","name":"bus-factory","msg":"message bus: memory"}

[90mstdout[2m | tests/bus/bus-factory.test.ts[2m > [22m[2mcreate_message_bus[2m > [22m[2mbackend=redis, url 없음 → memory 폴백
[22m[39m{"ts":"2026-03-08T11:59:18.843Z","level":"info","name":"bus-factory","msg":"message bus: memory"}

[90mstdout[2m | tests/bus/bus-factory.test.ts[2m > [22m[2mcreate_message_bus[2m > [22m[2mbackend=redis, url 빈 문자열 → memory 폴백
[22m[39m{"ts":"2026-03-08T11:59:18.843Z","level":"info","name":"bus-factory","msg":"message bus: memory"}

 [32m✓[39m tests/bus/bus-factory.test.ts [2m([22m[2m3 tests[22m[2m)[22m[32m 9[2mms[22m[39m
 [32m✓[39m tests/agent/nodes/gate.test.ts [2m([22m[2m30 tests[22m[2m)[22m[32m 11[2mms[22m[39m
 [32m✓[39m tests/agent/nodes/barcode.test.ts [2m([22m[2m10 tests[22m[2m)[22m[32m 22[2mms[22m[39m
 [32m✓[39m tests/agent/pty/docker-ops.test.ts [2m([22m[2m11 tests[22m[2m)[22m[32m 10[2mms[22m[39m
 [32m✓[39m tests/agent/nodes/aggregate.test.ts [2m([22m[2m34 tests[22m[2m)[22m[32m 8[2mms[22m[39m
 [32m✓[39m tests/agent/nodes/html.test.ts [2m([22m[2m9 tests[22m[2m)[22m[32m 21[2mms[22m[39m
 [32m✓[39m tests/provider/health-scorer.test.ts [2m([22m[2m9 tests[22m[2m)[22m[32m 13[2mms[22m[39m
 [32m✓[39m tests/dashboard/state-builder.test.ts [2m([22m[2m18 tests[22m[2m)[22m[32m 13[2mms[22m[39m
 [32m✓[39m tests/agent/similarity-tool.test.ts [2m([22m[2m22 tests[22m[2m)[22m[32m 9[2mms[22m[39m
 [32m✓[39m tests/agent/nodes/eval.test.ts [2m([22m[2m13 tests[22m[2m)[22m[32m 11[2mms[22m[39m
 [32m✓[39m tests/agent/nodes/markdown.test.ts [2m([22m[2m9 tests[22m[2m)[22m[32m 11[2mms[22m[39m
 [32m✓[39m tests/agent/tools/random-tool.test.ts [2m([22m[2m19 tests[22m[2m)[22m[32m 9[2mms[22m[39m
 [32m✓[39m tests/agent/nodes/log-parser.test.ts [2m([22m[2m3 tests[22m[2m)[22m[32m 20[2mms[22m[39m
(node:148704) Warning: `--localstorage-file` was provided without a valid path
(Use `node --trace-warnings ...` to show where the warning was created)
 [32m✓[39m tests/agent/nodes/cookie.test.ts [2m([22m[2m11 tests[22m[2m)[22m[32m 10[2mms[22m[39m
 [32m✓[39m tests/agent/tools/regex-tool.test.ts [2m([22m[2m19 tests[22m[2m)[22m[32m 7[2mms[22m[39m
 [32m✓[39m tests/agent/nodes/qr.test.ts [2m([22m[2m9 tests[22m[2m)[22m[32m 12[2mms[22m[39m
 [32m✓[39m tests/agent/pty/tool-bridge-server.test.ts [2m([22m[2m12 tests[22m[2m)[22m[32m 29[2mms[22m[39m
 [32m✓[39m tests/agent/nodes/split.test.ts [2m([22m[2m38 tests[22m[2m)[22m[32m 10[2mms[22m[39m
 [32m✓[39m tests/dashboard/create-command-router.test.ts [2m([22m[2m6 tests[22m[2m)[22m[32m 16[2mms[22m[39m
[90mstdout[2m | tests/agent/pty/e2e-real-cli.test.ts[2m > [22m[2mPTY E2E: 실제 claude CLI[2m > [22m[2m실제 CLI를 PTY로 스폰하고 NDJSON 응답을 수신한다
[22m[39m
=== AgentRunResult ===
finish_reason: stop
content: HELLO_PTY_E2E
usage: {"prompt_tokens":2,"completion_tokens":12}
session: 871f5c30-8903-4f89-a
tool_calls: [33m0[39m
events: init, content_delta, complete

 [32m✓[39m tests/orchestration/classifier.test.ts [2m([22m[2m34 tests[22m[2m)[22m[32m 13[2mms[22m[39m
 [32m✓[39m tests/channel/doctor-handler.test.ts [2m([22m[2m6 tests[22m[2m)[22m[32m 12[2mms[22m[39m
 [32m✓[39m tests/provider/types-pure.test.ts [2m([22m[2m21 tests[22m[2m)[22m[32m 7[2mms[22m[39m
 [32m✓[39m tests/agent/nodes/lookup.test.ts [2m([22m[2m10 tests[22m[2m)[22m[32m 12[2mms[22m[39m
 [32m✓[39m tests/agent/tokenizer-tool.test.ts [2m([22m[2m12 tests[22m[2m)[22m[32m 9[2mms[22m[39m
 [32m✓[39m tests/provider/cli-permission.test.ts [2m([22m[2m30 tests[22m[2m)[22m[32m 8[2mms[22m[39m
 [32m✓[39m tests/agent/nodes/yaml.test.ts [2m([22m[2m9 tests[22m[2m)[22m[32m 11[2mms[22m[39m
 [32m✓[39m tests/channel/tone-override-lifetime.test.ts [2m([22m[2m4 tests[22m[2m)[22m[32m 22[2mms[22m[39m
 [32m✓[39m tests/agent/nodes/matrix.test.ts [2m([22m[2m9 tests[22m[2m)[22m[32m 10[2mms[22m[39m
 [32m✓[39m tests/agent/nodes/jwt.test.ts [2m([22m[2m9 tests[22m[2m)[22m[32m 13[2mms[22m[39m
 [32m✓[39m tests/agent/metric-tool.test.ts [2m([22m[2m9 tests[22m[2m)[22m[32m 8[2mms[22m[39m
 [32m✓[39m tests/agent/nodes/email.test.ts [2m([22m[2m6 tests[22m[2m)[22m[32m 12[2mms[22m[39m
 [32m✓[39m tests/agent/nodes/csv.test.ts [2m([22m[2m9 tests[22m[2m)[22m[32m 9[2mms[22m[39m
 [32m✓[39m tests/agent/nodes/validator.test.ts [2m([22m[2m8 tests[22m[2m)[22m[32m 9[2mms[22m[39m
 [32m✓[39m tests/agent/tool-chain.test.ts [2m([22m[2m11 tests[22m[2m)[22m[32m 8[2mms[22m[39m
 [32m✓[39m tests/agent/pty/container-cli-agent.test.ts [2m([22m[2m12 tests[22m[2m)[22m[33m 13556[2mms[22m[39m
     [33m[2m✓[22m[39m mock agent를 스폰하고 NDJSON으로 통신한다 [33m 465[2mms[22m[39m
     [33m[2m✓[22m[39m system_prompt + task를 결합하여 전달한다 [33m 501[2mms[22m[39m
     [33m[2m✓[22m[39m AgentEvent 스트림을 올바르게 발행한다 [33m 532[2mms[22m[39m
     [33m[2m✓[22m[39m on_stream 훅이 assistant_chunk에서 호출된다 [33m 581[2mms[22m[39m
     [33m[2m✓[22m[39m 에러 응답을 AgentRunResult로 변환한다 [33m 564[2mms[22m[39m
     [33m[2m✓[22m[39m send_input으로 followup 메시지를 주입한다 [33m 633[2mms[22m[39m
     [33m[2m✓[22m[39m resume_session의 session_id를 세션 키로 사용한다 [33m 702[2mms[22m[39m
     [33m[2m✓[22m[39m wait_for_input_ms 설정 시 complete 후 followup을 대기한다 [33m 2908[2mms[22m[39m
     [33m[2m✓[22m[39m wait_for_input_ms 타임아웃 시 정상 종료한다 [33m 1183[2mms[22m[39m
     [33m[2m✓[22m[39m abort_signal로 실행을 중단할 수 있다 [33m 5484[2mms[22m[39m
 [32m✓[39m tests/agent/nodes/phone.test.ts [2m([22m[2m9 tests[22m[2m)[22m[32m 16[2mms[22m[39m
 [32m✓[39m tests/agent/nodes/mqtt.test.ts [2m([22m[2m6 tests[22m[2m)[22m[32m 10[2mms[22m[39m
 [32m✓[39m tests/agent/nodes/template.test.ts [2m([22m[2m38 tests[22m[2m)[22m[32m 9[2mms[22m[39m
 [32m✓[39m tests/agent/worktree.test.ts [2m([22m[2m7 tests[22m[2m)[22m[33m 19858[2mms[22m[39m
     [33m[2m✓[22m[39m create_worktree: git worktree와 브랜치를 생성한다 [33m 1672[2mms[22m[39m
     [33m[2m✓[22m[39m create_worktree: git 저장소가 아니면 null을 반환한다 [33m 965[2mms[22m[39m
     [33m[2m✓[22m[39m create_isolated_directory: 전용 디렉토리를 생성한다 [33m 810[2mms[22m[39m
     [33m[2m✓[22m[39m merge_worktrees: 충돌 없는 변경사항을 자동 병합한다 [33m 5052[2mms[22m[39m
     [33m[2m✓[22m[39m merge_worktrees: 같은 파일을 수정하면 충돌을 감지한다 [33m 5919[2mms[22m[39m
     [33m[2m✓[22m[39m merge_worktrees: 변경사항 없는 worktree는 merged=true, files_changed=0 [33m 2951[2mms[22m[39m
     [33m[2m✓[22m[39m cleanup_worktrees: worktree와 브랜치를 정리한다 [33m 2487[2mms[22m[39m
 [32m✓[39m tests/agent/tool-selector.test.ts [2m([22m[2m16 tests[22m[2m)[22m[32m 9[2mms[22m[39m
 [32m✓[39m tests/agent/nodes/ttl-cache.test.ts [2m([22m[2m9 tests[22m[2m)[22m[32m 18[2mms[22m[39m
 [32m✓[39m tests/agent/yaml-tool.test.ts [2m([22m[2m18 tests[22m[2m)[22m[32m 9[2mms[22m[39m
 [32m✓[39m tests/agent/codex-jsonrpc.test.ts [2m([22m[2m12 tests[22m[2m)[22m[32m 9[2mms[22m[39m
 [32m✓[39m tests/agent/tools/filter-tool.test.ts [2m([22m[2m19 tests[22m[2m)[22m[32m 9[2mms[22m[39m
 [32m✓[39m tests/agent/mcp-tool-adapter.test.ts [2m([22m[2m15 tests[22m[2m)[22m[32m 10[2mms[22m[39m
 [32m✓[39m tests/orchestration/prompts-format.test.ts [2m([22m[2m37 tests[22m[2m)[22m[32m 8[2mms[22m[39m
 [32m✓[39m tests/agent/send-file-tool.test.ts [2m([22m[2m11 tests[22m[2m)[22m[32m 12[2mms[22m[39m
 [32m✓[39m tests/agent/tools/url-tool.test.ts [2m([22m[2m20 tests[22m[2m)[22m[32m 9[2mms[22m[39m
 [32m✓[39m tests/runtime/service-manager.test.ts [2m([22m[2m9 tests[22m[2m)[22m[32m 10[2mms[22m[39m
 [32m✓[39m tests/agent/tree-tool.test.ts [2m([22m[2m14 tests[22m[2m)[22m[32m 9[2mms[22m[39m
(node:68580) Warning: `--localstorage-file` was provided without a valid path
(Use `node --trace-warnings ...` to show where the warning was created)
 [32m✓[39m tests/agent/nodes/table.test.ts [2m([22m[2m10 tests[22m[2m)[22m[32m 10[2mms[22m[39m
 [32m✓[39m tests/agent/tools/dotenv-tool.test.ts [2m([22m[2m14 tests[22m[2m)[22m[32m 9[2mms[22m[39m
 [32m✓[39m tests/channel/channel-manager-concurrency.test.ts [2m([22m[2m8 tests[22m[2m)[22m[33m 14191[2mms[22m[39m
     [33m[2m✓[22m[39m 같은 chat_id 메시지는 직렬 처리된다 [33m 2014[2mms[22m[39m
     [33m[2m✓[22m[39m 다른 chat_id 메시지는 병렬 처리된다 [33m 2025[2mms[22m[39m
     [33m[2m✓[22m[39m 같은 chat_id 메시지가 FIFO 순서로 처리된다 [33m 2059[2mms[22m[39m
     [33m[2m✓[22m[39m 혼합 시나리오: 같은 chat는 직렬, 다른 chat는 병렬 [33m 2019[2mms[22m[39m
     [33m[2m✓[22m[39m poll_loop에서 mark_seen된 메시지는 recovery에서 중복 발행되지 않는다 [33m 2059[2mms[22m[39m
     [33m[2m✓[22m[39m health_check에 inbound_lanes 카운트가 포함된다 [33m 2007[2mms[22m[39m
     [33m[2m✓[22m[39m HITL send_input이 있으면 lane 직렬화를 우회한다 [33m 2005[2mms[22m[39m
 [32m✓[39m tests/agent/spawn-task-query-tool.test.ts [2m([22m[2m10 tests[22m[2m)[22m[32m 7[2mms[22m[39m
 [32m✓[39m tests/orchestration/hitl-pending-store.test.ts [2m([22m[2m13 tests[22m[2m)[22m[32m 9[2mms[22m[39m
[90mstdout[2m | tests/services/create-task.test.ts[2m > [22m[2mcreate_task_service[2m > [22m[2m성공: deps.execute 호출 후 결과 반환
[22m[39m{"ts":"2026-03-08T11:59:21.020Z","level":"info","name":"create-task","msg":"create_task","task_id":"task_1772971161020_w8bzsg","title":"Test Task"}

 [32m✓[39m tests/agent/tool-loop-helpers.test.ts [2m([22m[2m20 tests[22m[2m)[22m[32m 10[2mms[22m[39m
[90mstdout[2m | tests/services/create-task.test.ts[2m > [22m[2mcreate_task_service[2m > [22m[2m성공: channel/chat_id 커스텀 값 전달
[22m[39m{"ts":"2026-03-08T11:59:21.026Z","level":"info","name":"create-task","msg":"create_task","task_id":"task_1772971161026_tl7dl9","title":"T"}

[90mstdout[2m | tests/services/create-task.test.ts[2m > [22m[2mcreate_task_service[2m > [22m[2m실패: deps.execute 에러 시 status=failed 반환
[22m[39m{"ts":"2026-03-08T11:59:21.026Z","level":"info","name":"create-task","msg":"create_task","task_id":"task_1772971161026_toxno5","title":"Fail"}

[90mstdout[2m | tests/services/create-task.test.ts[2m > [22m[2mcreate_task_service[2m > [22m[2m실패: deps.execute 에러 시 status=failed 반환
[22m[39m{"ts":"2026-03-08T11:59:21.027Z","level":"warn","name":"create-task","msg":"create_task error","task_id":"task_1772971161026_toxno5","error":"timeout"}

[90mstdout[2m | tests/services/create-task.test.ts[2m > [22m[2mcreate_task_service[2m > [22m[2mtask_id 폴백: deps.execute 결과에 task_id 없으면 자체 생성
[22m[39m{"ts":"2026-03-08T11:59:21.027Z","level":"info","name":"create-task","msg":"create_task","task_id":"task_1772971161027_ue4da0","title":"T"}

 [32m✓[39m tests/services/create-task.test.ts [2m([22m[2m4 tests[22m[2m)[22m[32m 11[2mms[22m[39m
 [32m✓[39m tests/agent/nodes/rate-limit.test.ts [2m([22m[2m3 tests[22m[2m)[22m[32m 7[2mms[22m[39m
 [32m✓[39m tests/agent/tools/user-agent-tool.test.ts [2m([22m[2m21 tests[22m[2m)[22m[32m 8[2mms[22m[39m
 [32m✓[39m tests/agent/nodes/ldap.test.ts [2m([22m[2m9 tests[22m[2m)[22m[32m 10[2mms[22m[39m
 [32m✓[39m tests/agent/tools/color-tool.test.ts [2m([22m[2m13 tests[22m[2m)[22m[32m 8[2mms[22m[39m
 [32m✓[39m tests/orchestration/gateway.test.ts [2m([22m[2m10 tests[22m[2m)[22m[32m 7[2mms[22m[39m
 [32m✓[39m tests/agent/nodes/escalation.test.ts [2m([22m[2m28 tests[22m[2m)[22m[32m 9[2mms[22m[39m
 [32m✓[39m tests/channel/streaming-pipeline.test.ts [2m([22m[2m18 tests[22m[2m)[22m[32m 10[2mms[22m[39m
 [32m✓[39m tests/agent/tools/registry.test.ts [2m([22m[2m13 tests[22m[2m)[22m[32m 9[2mms[22m[39m
 [32m✓[39m tests/agent/field-mappings-resume.test.ts [2m([22m[2m2 tests[22m[2m)[22m[32m 8[2mms[22m[39m
 [32m✓[39m tests/orchestration/classifier-golden.test.ts [2m([22m[2m35 tests[22m[2m)[22m[32m 6[2mms[22m[39m
 [32m✓[39m tests/agent/tools/encoding-tool.test.ts [2m([22m[2m17 tests[22m[2m)[22m[32m 9[2mms[22m[39m
 [32m✓[39m tests/agent/nodes/circuit-breaker.test.ts [2m([22m[2m9 tests[22m[2m)[22m[32m 9[2mms[22m[39m
 [32m✓[39m tests/channel/slash-command.test.ts [2m([22m[2m22 tests[22m[2m)[22m[32m 8[2mms[22m[39m
 [32m✓[39m tests/agent/nodes/openapi.test.ts [2m([22m[2m5 tests[22m[2m)[22m[32m 9[2mms[22m[39m
 [32m✓[39m tests/agent/vcard-tool.test.ts [2m([22m[2m15 tests[22m[2m)[22m[32m 9[2mms[22m[39m
 [32m✓[39m tests/agent/sentiment-tool.test.ts [2m([22m[2m9 tests[22m[2m)[22m[32m 7[2mms[22m[39m
 [32m✓[39m tests/agent/failover-handler.test.ts [2m([22m[2m7 tests[22m[2m)[22m[32m 11[2mms[22m[39m
 [32m✓[39m tests/agent/svg-tool.test.ts [2m([22m[2m12 tests[22m[2m)[22m[32m 8[2mms[22m[39m
 [32m✓[39m tests/agent/nodes/data-format.test.ts [2m([22m[2m3 tests[22m[2m)[22m[32m 8[2mms[22m[39m
 [32m✓[39m tests/agent/nodes/graph.test.ts [2m([22m[2m9 tests[22m[2m)[22m[32m 9[2mms[22m[39m
 [32m✓[39m tests/agent/nodes/set-ops.test.ts [2m([22m[2m3 tests[22m[2m)[22m[32m 7[2mms[22m[39m
 [32m✓[39m tests/agent/agent-event-types.test.ts [2m([22m[2m21 tests[22m[2m)[22m[32m 9[2mms[22m[39m
 [32m✓[39m tests/agent/nodes/s3.test.ts [2m([22m[2m6 tests[22m[2m)[22m[32m 8[2mms[22m[39m
 [32m✓[39m tests/agent/tools/cors-tool.test.ts [2m([22m[2m16 tests[22m[2m)[22m[32m 9[2mms[22m[39m
 [32m✓[39m tests/agent/xml-tool.test.ts [2m([22m[2m13 tests[22m[2m)[22m[32m 8[2mms[22m[39m
 [32m✓[39m tests/channel/command-intent.test.ts [2m([22m[2m34 tests[22m[2m)[22m[32m 10[2mms[22m[39m
 [32m✓[39m tests/agent/nodes/data-mask.test.ts [2m([22m[2m3 tests[22m[2m)[22m[32m 11[2mms[22m[39m
 [32m✓[39m tests/agent/convert.test.ts [2m([22m[2m24 tests[22m[2m)[22m[32m 7[2mms[22m[39m
 [32m✓[39m tests/orchestration/execution/helpers.test.ts [2m([22m[2m25 tests[22m[2m)[22m[32m 8[2mms[22m[39m
 [32m✓[39m tests/agent/nodes/template-engine.test.ts [2m([22m[2m3 tests[22m[2m)[22m[32m 7[2mms[22m[39m
 [32m✓[39m tests/agent/approval-notifier.test.ts [2m([22m[2m9 tests[22m[2m)[22m[32m 9[2mms[22m[39m
 [32m✓[39m tests/agent/feature-flag-tool.test.ts [2m([22m[2m11 tests[22m[2m)[22m[32m 17[2mms[22m[39m
 [32m✓[39m tests/agent/graph-tool.test.ts [2m([22m[2m15 tests[22m[2m)[22m[32m 8[2mms[22m[39m
 [32m✓[39m tests/orchestration/confirmation-guard.test.ts [2m([22m[2m18 tests[22m[2m)[22m[32m 11[2mms[22m[39m
 [32m✓[39m tests/channel/stream-buffer.test.ts [2m([22m[2m25 tests[22m[2m)[22m[32m 9[2mms[22m[39m
 [32m✓[39m tests/agent/memory-scoring.test.ts [2m([22m[2m13 tests[22m[2m)[22m[32m 9[2mms[22m[39m
 [32m✓[39m tests/agent/nodes/date-calc.test.ts [2m([22m[2m3 tests[22m[2m)[22m[32m 9[2mms[22m[39m
 [32m✓[39m tests/orchestration/node-selector.test.ts [2m([22m[2m12 tests[22m[2m)[22m[32m 8[2mms[22m[39m
 [32m✓[39m tests/agent/nodes/form.test.ts [2m([22m[2m21 tests[22m[2m)[22m[32m 8[2mms[22m[39m
 [32m✓[39m tests/channel/command-router.test.ts [2m([22m[2m7 tests[22m[2m)[22m[32m 8[2mms[22m[39m
 [32m✓[39m tests/agent/csv-tool.test.ts [2m([22m[2m16 tests[22m[2m)[22m[32m 10[2mms[22m[39m
 [32m✓[39m tests/cron/cron-runtime-handler.test.ts [2m([22m[2m2 tests[22m[2m)[22m[32m 10[2mms[22m[39m
 [32m✓[39m tests/agent/pagination-tool.test.ts [2m([22m[2m8 tests[22m[2m)[22m[32m 6[2mms[22m[39m
 [32m✓[39m tests/agent/rate-limit-tool.test.ts [2m([22m[2m9 tests[22m[2m)[22m[32m 7[2mms[22m[39m
 [32m✓[39m tests/agent/assert-tool.test.ts [2m([22m[2m27 tests[22m[2m)[22m[32m 8[2mms[22m[39m
 [32m✓[39m tests/agent/memory-chunker.test.ts [2m([22m[2m11 tests[22m[2m)[22m[32m 8[2mms[22m[39m
 [32m✓[39m tests/agent/bloom-filter-tool.test.ts [2m([22m[2m7 tests[22m[2m)[22m[32m 8[2mms[22m[39m
 [32m✓[39m tests/agent/checksum-tool.test.ts [2m([22m[2m12 tests[22m[2m)[22m[32m 8[2mms[22m[39m
 [32m✓[39m tests/agent/aggregate-tool.test.ts [2m([22m[2m20 tests[22m[2m)[22m[32m 9[2mms[22m[39m
 [32m✓[39m tests/agent/sandbox-policy-mapping.test.ts [2m([22m[2m11 tests[22m[2m)[22m[32m 8[2mms[22m[39m
 [32m✓[39m tests/agent/pty/auth-profile-tracker.test.ts [2m([22m[2m8 tests[22m[2m)[22m[32m 6[2mms[22m[39m
 [32m✓[39m tests/logger.test.ts [2m([22m[2m12 tests[22m[2m)[22m[32m 26[2mms[22m[39m
 [32m✓[39m tests/agent/aggregate-node.test.ts [2m([22m[2m13 tests[22m[2m)[22m[32m 8[2mms[22m[39m
 [32m✓[39m tests/agent/tools/base-convert-tool.test.ts [2m([22m[2m14 tests[22m[2m)[22m[32m 5[2mms[22m[39m
 [32m✓[39m tests/orchestration/request-preflight.test.ts [2m([22m[2m7 tests[22m[2m)[22m[32m 7[2mms[22m[39m
 [32m✓[39m tests/agent/orche-node-executor.test.ts [2m([22m[2m20 tests[22m[2m)[22m[32m 5[2mms[22m[39m
 [32m✓[39m tests/ops/status-handler.test.ts [2m([22m[2m11 tests[22m[2m)[22m[32m 8[2mms[22m[39m
 [32m✓[39m tests/agent/nodes/state-machine.test.ts [2m([22m[2m3 tests[22m[2m)[22m[32m 7[2mms[22m[39m
 [32m✓[39m tests/agent/nodes/tokenizer.test.ts [2m([22m[2m4 tests[22m[2m)[22m[32m 8[2mms[22m[39m
 [32m✓[39m tests/agent/tools/data-format-tool.test.ts [2m([22m[2m12 tests[22m[2m)[22m[32m 7[2mms[22m[39m
 [32m✓[39m tests/agent/nodes/sql-builder.test.ts [2m([22m[2m3 tests[22m[2m)[22m[32m 19[2mms[22m[39m
 [32m✓[39m tests/agent/nodes/json-schema.test.ts [2m([22m[2m3 tests[22m[2m)[22m[32m 7[2mms[22m[39m
 [32m✓[39m tests/agent/tools/json-schema-tool.test.ts [2m([22m[2m9 tests[22m[2m)[22m[32m 6[2mms[22m[39m
 [32m✓[39m tests/channel/outbound-dedupe.test.ts [2m([22m[2m13 tests[22m[2m)[22m[32m 7[2mms[22m[39m
 [32m✓[39m tests/utils/local-ref.test.ts [2m([22m[2m19 tests[22m[2m)[22m[32m 7[2mms[22m[39m
 [32m✓[39m tests/orchestration/prompt-version.test.ts [2m([22m[2m7 tests[22m[2m)[22m[32m 6[2mms[22m[39m
 [32m✓[39m tests/agent/tools/tool-base.test.ts [2m([22m[2m10 tests[22m[2m)[22m[32m 6[2mms[22m[39m
 [32m✓[39m tests/agent/data-mask-tool.test.ts [2m([22m[2m12 tests[22m[2m)[22m[32m 9[2mms[22m[39m
 [32m✓[39m tests/orchestration/execution-mode-parser.test.ts [2m([22m[2m20 tests[22m[2m)[22m[32m 12[2mms[22m[39m
 [32m✓[39m tests/orchestration/tool-selector.test.ts [2m([22m[2m9 tests[22m[2m)[22m[32m 8[2mms[22m[39m
 [32m✓[39m tests/agent/node-presets.test.ts [2m([22m[2m10 tests[22m[2m)[22m[32m 10[2mms[22m[39m
 [32m✓[39m tests/oauth/presets.test.ts [2m([22m[2m8 tests[22m[2m)[22m[32m 6[2mms[22m[39m
 [32m✓[39m tests/ops/feedback-analyzer.test.ts [2m([22m[2m9 tests[22m[2m)[22m[32m 6[2mms[22m[39m
 [32m✓[39m tests/channel/channel-command-intent.test.ts [2m([22m[2m3 tests[22m[2m)[22m[32m 6[2mms[22m[39m
 [32m✓[39m tests/channel/verify-handler.test.ts [2m([22m[2m7 tests[22m[2m)[22m[32m 6[2mms[22m[39m
 [32m✓[39m tests/agent/pty/ndjson-parser.test.ts [2m([22m[2m7 tests[22m[2m)[22m[32m 6[2mms[22m[39m
 [32m✓[39m tests/agent/retriever-tool.test.ts [2m([22m[2m7 tests[22m[2m)[22m[32m 5[2mms[22m[39m
 [32m✓[39m tests/orchestration/tool-description-filter.test.ts [2m([22m[2m11 tests[22m[2m)[22m[32m 6[2mms[22m[39m
 [32m✓[39m tests/agent/http-utils.test.ts [2m([22m[2m28 tests[22m[2m)[22m[32m 9[2mms[22m[39m
 [32m✓[39m tests/provider/executor.test.ts [2m([22m[2m14 tests[22m[2m)[22m[32m 5[2mms[22m[39m
 [32m✓[39m tests/provider/cli-provider-tool-call-parser.test.ts [2m([22m[2m2 tests[22m[2m)[22m[32m 6[2mms[22m[39m
 [32m✓[39m tests/agent/context-budget.test.ts [2m([22m[2m7 tests[22m[2m)[22m[32m 5[2mms[22m[39m
 [32m✓[39m tests/agent/nodes/queue.test.ts [2m([22m[2m4 tests[22m[2m)[22m[32m 12[2mms[22m[39m
 [32m✓[39m tests/agent/cd-scoring.test.ts [2m([22m[2m8 tests[22m[2m)[22m[32m 6[2mms[22m[39m
 [32m✓[39m tests/agent/text-splitter-tool.test.ts [2m([22m[2m8 tests[22m[2m)[22m[32m 6[2mms[22m[39m
 [32m✓[39m tests/i18n/protocol.test.ts [2m([22m[2m11 tests[22m[2m)[22m[32m 6[2mms[22m[39m
 [32m✓[39m tests/agent/nodes/math.test.ts [2m([22m[2m4 tests[22m[2m)[22m[32m 7[2mms[22m[39m
 [32m✓[39m tests/provider/executor-provider.test.ts [2m([22m[2m11 tests[22m[2m)[22m[32m 4[2mms[22m[39m
 [32m✓[39m tests/orchestration/session-state.test.ts [2m([22m[2m6 tests[22m[2m)[22m[32m 4[2mms[22m[39m
 [32m✓[39m tests/agent/loop-resume.test.ts [2m([22m[2m5 tests[22m[2m)[22m[32m 6[2mms[22m[39m
 [32m✓[39m tests/agent/nodes/stats.test.ts [2m([22m[2m4 tests[22m[2m)[22m[32m 7[2mms[22m[39m
 [32m✓[39m tests/agent/webhook-node.test.ts [2m([22m[2m5 tests[22m[2m)[22m[32m 5[2mms[22m[39m
 [32m✓[39m tests/agent/tool-call-parser.test.ts [2m([22m[2m5 tests[22m[2m)[22m[32m 5[2mms[22m[39m
 [32m✓[39m tests/agent/nodes/analyzer.test.ts [2m([22m[2m10 tests[22m[2m)[22m[32m 5[2mms[22m[39m
 [32m✓[39m tests/agent/http-header-tool.test.ts [2m([22m[2m11 tests[22m[2m)[22m[32m 6[2mms[22m[39m
 [32m✓[39m tests/agent/pty/comm-permission.test.ts [2m([22m[2m9 tests[22m[2m)[22m[32m 4[2mms[22m[39m
 [32m✓[39m tests/agent/nodes/error-handler.test.ts [2m([22m[2m9 tests[22m[2m)[22m[32m 6[2mms[22m[39m
 [32m✓[39m tests/security/local-ref-safety.test.ts [2m([22m[2m1 test[22m[2m)[22m[32m 4[2mms[22m[39m
 [32m✓[39m tests/agent/tools/diff-tool.test.ts [2m([22m[2m5 tests[22m[2m)[22m[32m 5[2mms[22m[39m
 [32m✓[39m tests/agent/agent-session-store.test.ts [2m([22m[2m10 tests[22m[2m)[22m[32m 278[2mms[22m[39m
 [32m✓[39m tests/agent/agent-loop-implicit-tool-calls.test.ts [2m([22m[2m1 test[22m[2m)[22m[32m 6[2mms[22m[39m
 [32m✓[39m tests/agent/pty/context-window-guard.test.ts [2m([22m[2m6 tests[22m[2m)[22m[32m 4[2mms[22m[39m
 [32m✓[39m tests/agent/nodes/web-form.test.ts [2m([22m[2m9 tests[22m[2m)[22m[32m 4[2mms[22m[39m
 [32m✓[39m tests/agent/nodes/vector-store.test.ts [2m([22m[2m9 tests[22m[2m)[22m[32m 4[2mms[22m[39m
 [32m✓[39m tests/agent/nodes/database.test.ts [2m([22m[2m10 tests[22m[2m)[22m[32m 4[2mms[22m[39m
 [32m✓[39m tests/agent/nodes/secret-read.test.ts [2m([22m[2m3 tests[22m[2m)[22m[32m 3[2mms[22m[39m
 [32m✓[39m tests/agent/heartbeat-pure.test.ts [2m([22m[2m9 tests[22m[2m)[22m[32m 4[2mms[22m[39m
 [32m✓[39m tests/agent/nodes/hitl.test.ts [2m([22m[2m4 tests[22m[2m)[22m[32m 5[2mms[22m[39m
 [32m✓[39m tests/agent/nodes/kanban-trigger.test.ts [2m([22m[2m3 tests[22m[2m)[22m[32m 4[2mms[22m[39m
 [32m✓[39m tests/agent/nodes/notify.test.ts [2m([22m[2m6 tests[22m[2m)[22m[32m 4[2mms[22m[39m
 [32m✓[39m tests/events/events-types.test.ts [2m([22m[2m8 tests[22m[2m)[22m[32m 4[2mms[22m[39m
 [32m✓[39m tests/agent/nodes/tool-invoke.test.ts [2m([22m[2m3 tests[22m[2m)[22m[32m 3[2mms[22m[39m
 [32m✓[39m tests/agent/agent-loop-tool-guard.test.ts [2m([22m[2m1 test[22m[2m)[22m[32m 4[2mms[22m[39m
 [32m✓[39m tests/agent/nodes/memory-rw.test.ts [2m([22m[2m3 tests[22m[2m)[22m[32m 4[2mms[22m[39m
 [32m✓[39m tests/agent/tool-registry-filtered.test.ts [2m([22m[2m5 tests[22m[2m)[22m[32m 7[2mms[22m[39m
 [32m✓[39m tests/agent/nodes/spawn-agent.test.ts [2m([22m[2m3 tests[22m[2m)[22m[32m 3[2mms[22m[39m
 [32m✓[39m tests/agent/nodes/ai-agent.test.ts [2m([22m[2m3 tests[22m[2m)[22m[32m 3[2mms[22m[39m
 [32m✓[39m tests/agent/nodes/text-splitter.test.ts [2m([22m[2m3 tests[22m[2m)[22m[32m 3[2mms[22m[39m
 [32m✓[39m tests/agent/nodes/embedding.test.ts [2m([22m[2m4 tests[22m[2m)[22m[32m 3[2mms[22m[39m
 [32m✓[39m tests/channel/runtime-policy.test.ts [2m([22m[2m2 tests[22m[2m)[22m[32m 3[2mms[22m[39m
 [32m✓[39m tests/agent/nodes/send-file.test.ts [2m([22m[2m3 tests[22m[2m)[22m[32m 3[2mms[22m[39m
(node:286112) Warning: `--localstorage-file` was provided without a valid path
(Use `node --trace-warnings ...` to show where the warning was created)
 [32m✓[39m tests/agent/nodes/sub-workflow.test.ts [2m([22m[2m3 tests[22m[2m)[22m[32m 3[2mms[22m[39m
(node:272972) Warning: `--localstorage-file` was provided without a valid path
(Use `node --trace-warnings ...` to show where the warning was created)
(node:32560) Warning: `--localstorage-file` was provided without a valid path
(Use `node --trace-warnings ...` to show where the warning was created)
 [32m✓[39m tests/agent/subagent-cascade-cancel.test.ts [2m([22m[2m3 tests[22m[2m)[22m[32m 3[2mms[22m[39m
(node:83592) Warning: `--localstorage-file` was provided without a valid path
(Use `node --trace-warnings ...` to show where the warning was created)
 [32m✓[39m tests/orchestration/service-runner-delegation.test.ts [2m([22m[2m11 tests[22m[2m)[22m[32m 3[2mms[22m[39m
[90mstdout[2m | tests/agent/pty/e2e-persona-roleplay.test.ts[2m > [22m[2mPersona E2E: Claude 페르소나 부여[2m > [22m[2m해적 페르소나를 부여하면 해적 말투로 응답한다
[22m[39m
=== Pirate Persona ===
content: Arr, 안녕하신가 항해사여! ⚓

나는 **Captain Blackbeard**, 코드의 바다를 누비는 해적 선장이라네! 🏴‍☠️

ye의 **SoulFlow Orchestrator** 프로젝트를 함께 항해할 준비가 되어 있다네, matey. TypeScript 프론트엔드든, Rust 백엔드든, 컨테이너 설정이든 — 이 선장이 보물(깔끔한 코드)을 찾아주겠네.

무엇을 도와줄까, 항해사?

 [32m✓[39m tests/orchestration/execution-runners.test.ts [2m([22m[2m9 tests[22m[2m)[22m[32m 4[2mms[22m[39m
 [32m✓[39m tests/orchestration/phase-workflow.test.ts [2m([22m[2m5 tests[22m[2m)[22m[32m 2[2mms[22m[39m
(node:24464) Warning: `--localstorage-file` was provided without a valid path
(Use `node --trace-warnings ...` to show where the warning was created)
(node:107508) Warning: `--localstorage-file` was provided without a valid path
(Use `node --trace-warnings ...` to show where the warning was created)
 [2m[90m↓[39m[22m tests/agent/pty/e2e-3agent-discussion.test.ts [2m([22m[2m3 tests[22m[2m | [22m[33m3 skipped[39m[2m)[22m
 [2m[90m↓[39m[22m tests/agent/pty/e2e-cross-cli.test.ts [2m([22m[2m6 tests[22m[2m | [22m[33m6 skipped[39m[2m)[22m
[90mstdout[2m | tests/agent/pty/e2e-real-cli.test.ts[2m > [22m[2mPTY E2E: 실제 claude CLI[2m > [22m[2msystem_prompt가 실제 CLI에 전달된다
[22m[39m
=== System Prompt Test ===
content: 제 코드네임은 **PHOENIX_AGENT**입니다.

[90mstdout[2m | tests/agent/pty/e2e-persona-roleplay.test.ts[2m > [22m[2mPersona E2E: Claude 페르소나 부여[2m > [22m[2m과학자 페르소나를 부여하면 과학 용어를 사용한다
[22m[39m
=== Scientist Persona ===
content: 태양광이 대기에 진입하면 질소(N₂)와 산소(O₂) 분자에 의한 레일리 산란(Rayleigh scattering)이 발생하는데, 산란 강도는 파장의 네제곱에 반비례(∝ 1/λ⁴)하므로 단파장인 청색광(~450nm)이 장파장인 적색광(~700nm)보다 약 5.5배 더 강하게 산란됩니다. 이렇게 사방으로 산란된 청색 광자들이 모든 방향에서 우리 눈의 원추세포(cone cell)에 도달하기 때문에, 하늘 전체가 푸르게 관측되는 것입니다.

 [32m✓[39m tests/agent/pty/e2e-persona-roleplay.test.ts [2m([22m[2m5 tests[22m[2m | [22m[33m3 skipped[39m[2m)[22m[33m 31789[2mms[22m[39m
     [33m[2m✓[22m[39m 해적 페르소나를 부여하면 해적 말투로 응답한다 [33m 18798[2mms[22m[39m
     [33m[2m✓[22m[39m 과학자 페르소나를 부여하면 과학 용어를 사용한다 [33m 12989[2mms[22m[39m
[90mstdout[2m | tests/agent/pty/e2e-real-cli.test.ts[2m > [22m[2mPTY E2E: 실제 claude CLI[2m > [22m[2msend_input으로 followup 대화를 주고받는다
[22m[39m
=== Followup Test (turn 1) ===
content: 

`★ Insight ─────────────────────────────────────`
MEMORY.md에 이미 "기억할 숫자: 42"가 저장되어 있습니다. 중복 저장 불필요.
`─────────────────────────────────────────────────`

OK.

 [32m✓[39m tests/agent/pty/e2e-real-cli.test.ts [2m([22m[2m3 tests[22m[2m)[22m[33m 33780[2mms[22m[39m
     [33m[2m✓[22m[39m 실제 CLI를 PTY로 스폰하고 NDJSON 응답을 수신한다 [33m 12652[2mms[22m[39m
     [33m[2m✓[22m[39m system_prompt가 실제 CLI에 전달된다 [33m 10738[2mms[22m[39m
     [33m[2m✓[22m[39m send_input으로 followup 대화를 주고받는다 [33m 10389[2mms[22m[39m

[2m Test Files [22m [1m[32m379 passed[39m[22m[2m | [22m[33m2 skipped[39m[90m (381)[39m
[2m      Tests [22m [1m[32m5594 passed[39m[22m[2m | [22m[33m13 skipped[39m[90m (5607)[39m
[2m   Start at [22m 20:58:59
[2m   Duration [22m 44.27s[2m (transform 39.66s, setup 0ms, import 279.16s, tests 256.25s, environment 52ms)[22m

[34m % [39m[2mCoverage report from [22m[33mv8[39m
-------------------|---------|----------|---------|---------|-------------------
File               | % Stmts | % Branch | % Funcs | % Lines | Uncovered Line #s 
-------------------|---------|----------|---------|---------|-------------------
All files          |   48.85 |    39.01 |   53.44 |    51.8 |                   
 src               |   25.49 |    31.25 |      50 |   24.46 |                   
  ...-templates.ts |     100 |      100 |     100 |     100 |                   
  contracts.ts     |       0 |        0 |       0 |       0 |                   
  logger.ts        |     100 |    83.33 |     100 |     100 | 16,36             
  main.ts          |       0 |        0 |       0 |       0 | 61-258            
  ...llm-health.ts |       0 |        0 |       0 |       0 | 10-40             
 src/agent         |   54.09 |       45 |   56.13 |   57.11 |                   
  ...t-registry.ts |   55.81 |    43.54 |      50 |   60.83 | ...18,337-358,369 
  ...sion-store.ts |     100 |    80.95 |     100 |     100 | 53,70-76,85       
  cd-scoring.ts    |   96.87 |    96.55 |     100 |   96.87 | 80                
  ...th.service.ts |       0 |        0 |       0 |       0 | 29-315            
  ...ext-budget.ts |     100 |      100 |     100 |     100 |                   
  ...xt.service.ts |   61.82 |    61.11 |      75 |   64.93 | ...57-267,329-366 
  context.ts       |       0 |        0 |       0 |       0 |                   
  ...n-warnings.ts |     100 |      100 |     100 |     100 |                   
  index.ts         |       0 |        0 |       0 |       0 | 25-163            
  ...or.service.ts |       0 |        0 |       0 |       0 | 9-65              
  loop.service.ts  |   67.74 |    60.63 |   66.66 |   69.68 | ...31-438,447-448 
  loop.ts          |       0 |        0 |       0 |       0 |                   
  ...ry-chunker.ts |   97.01 |    82.75 |     100 |     100 | 28,102,118-131    
  ...on.service.ts |   68.35 |    62.74 |   78.57 |   72.05 | ...44-145,150-161 
  ...ry-scoring.ts |     100 |     92.3 |     100 |     100 | 81,118            
  ...ry.service.ts |   50.28 |     39.4 |   73.84 |   57.34 | ...43-735,741-753 
  memory.ts        |       0 |        0 |       0 |       0 |                   
  ...escriptors.ts |       0 |        0 |       0 |       0 |                   
  node-presets.ts  |     100 |      100 |     100 |     100 |                   
  node-registry.ts |   83.33 |       50 |     100 |   83.33 | 99                
  ...e-executor.ts |   96.15 |    94.28 |     100 |     100 | 133-144           
  ...oop-runner.ts |   20.66 |    18.52 |    19.4 |   22.38 | ...1197,1219-1223 
  ...flow-store.ts |   87.93 |    54.54 |     100 |   88.67 | 66,71-76,88       
  ...pt-version.ts |     100 |      100 |     100 |     100 |                   
  ...er-factory.ts |   21.91 |     4.59 |   26.66 |   23.43 | ...03-207,215-220 
  ...ider-store.ts |    96.8 |    77.88 |     100 |   98.19 | 107,293           
  ...me.service.ts |       0 |        0 |       0 |       0 | 28-202            
  ...ls.service.ts |   67.56 |    46.53 |   76.92 |   73.35 | ...95,431,531-538 
  skills.ts        |       0 |        0 |       0 |       0 |                   
  subagents.ts     |   45.28 |    41.12 |   35.48 |      50 | ...90,824,898-975 
  task-store.ts    |   80.76 |     47.5 |   76.47 |   86.36 | 90,146-157        
  ...call-guard.ts |    91.3 |    73.68 |     100 |    91.3 | 39-40             
  ...all-parser.ts |   84.96 |     74.1 |     100 |    91.2 | ...14,152,175-176 
  tools.ts         |       0 |        0 |       0 |       0 |                   
  worktree.ts      |      84 |    68.75 |   88.88 |   87.87 | 59-67,155,176     
 ...agent/backends |   15.56 |    11.16 |   24.44 |   15.91 |                   
  ...-sdk.agent.ts |    4.85 |     0.82 |    9.52 |    5.41 | 77,84-701         
  ...rver.agent.ts |    3.71 |        1 |    6.89 |    3.96 | 70-714            
  codex-jsonrpc.ts |   56.25 |    59.52 |    37.5 |   57.89 | ...16-117,151-152 
  convert.ts       |     100 |      100 |     100 |     100 |                   
  index.ts         |       0 |        0 |       0 |       0 |                   
  ...ible.agent.ts |       0 |        0 |       0 |       0 | 30-211            
  ...ool-bridge.ts |       0 |        0 |       0 |       0 | 23-106            
  ...op-helpers.ts |     100 |    95.23 |     100 |     100 | 34-36             
 src/agent/nodes   |   78.77 |    68.56 |   76.34 |   80.28 |                   
  aggregate.ts     |   97.72 |    89.18 |     100 |     100 | 23,25,36,75       
  ai-agent.ts      |    42.5 |    36.58 |      50 |   42.42 | 25,55-99          
  analyzer.ts      |   41.17 |    29.62 |      75 |   48.27 | 54-91,102-103     
  approval.ts      |     100 |       80 |     100 |     100 | 42,53,59-60,73    
  archive.ts       |   95.12 |    85.71 |     100 |   94.44 | 70,78             
  assert.ts        |     100 |     87.5 |     100 |     100 | 60-61,65          
  barcode.ts       |   89.47 |    92.85 |     100 |   88.88 | 41-43             
  batch.ts         |   98.24 |    82.85 |     100 |     100 | 34-45,96,114      
  cache.ts         |     100 |     90.9 |     100 |     100 | 47,61             
  changelog.ts     |     100 |       75 |     100 |     100 | 30-32             
  ...it-breaker.ts |   81.25 |     62.5 |   66.66 |   86.66 | 21,39             
  code-diagram.ts  |   88.88 |    68.18 |   66.66 |    87.5 | 22,44             
  code.ts          |     100 |       95 |     100 |     100 | 115               
  compress.ts      |   94.44 |    81.81 |     100 |   93.75 | 40                
  ...ode-runner.ts |     2.5 |        0 |       0 |    2.77 | 24-202            
  cookie.ts        |     100 |       60 |     100 |     100 | 29-32             
  crypto.ts        |   91.66 |      100 |     100 |   91.66 | 38                
  csv.ts           |   81.25 |    68.75 |   66.66 |   86.66 | 22,39             
  data-format.ts   |      85 |    86.36 |   66.66 |   88.88 | 24,48             
  data-mask.ts     |    87.5 |    78.57 |   66.66 |   86.66 | 22,39             
  database.ts      |   90.47 |    83.33 |   66.66 |   88.88 | 23,45             
  date-calc.ts     |   83.33 |      100 |   66.66 |   83.33 | 22,43             
  db.ts            |     100 |      100 |     100 |     100 |                   
  decision.ts      |   97.22 |    79.24 |     100 |   96.87 | 79                
  diagram.ts       |   83.33 |      100 |   66.66 |   83.33 | 23,38             
  diff.ts          |   89.47 |    84.21 |     100 |   94.11 | 43                
  docker.ts        |     100 |    96.49 |     100 |     100 | 31,36             
  document-docx.ts |   88.88 |    94.44 |   66.66 |    87.5 | 23,40             
  document-pdf.ts  |   88.88 |    94.44 |   66.66 |    87.5 | 23,40             
  document-pptx.ts |   88.88 |    94.44 |   66.66 |    87.5 | 23,40             
  document-xlsx.ts |   88.88 |    94.44 |   66.66 |    87.5 | 23,40             
  duration.ts      |   93.75 |    91.66 |     100 |   93.33 | 38                
  email.ts         |   88.88 |    88.46 |   66.66 |    87.5 | 23,45             
  embedding.ts     |    43.9 |    40.62 |   42.85 |   44.44 | 26,36,38,44-66    
  encoding.ts      |   96.77 |    94.59 |     100 |   96.29 | 61                
  error-handler.ts |   71.11 |    63.63 |      75 |   76.31 | ...9-50,65-69,103 
  escalation.ts    |    27.9 |    17.14 |      60 |   26.31 | 41-64,89-112      
  eval.ts          |   93.33 |      100 |     100 |   92.85 | 36                
  file.ts          |     100 |    92.59 |     100 |     100 | 58-62             
  filter.ts        |     100 |      100 |     100 |     100 |                   
  form.ts          |   57.69 |     42.3 |      75 |   52.17 | 39-57             
  format.ts        |   93.33 |      100 |     100 |   92.85 | 41                
  ftp.ts           |   81.25 |       75 |   66.66 |   86.66 | 21,40             
  gate.ts          |     100 |    83.33 |     100 |     100 | 29,55-56          
  git.ts           |   80.76 |       70 |      75 |   86.36 | 24,61-62          
  graph.ts         |   82.35 |    41.66 |   66.66 |   86.66 | 22,36             
  graphql.ts       |   77.77 |       80 |   66.66 |    87.5 | 23,42             
  hash.ts          |   91.66 |    91.66 |     100 |   91.66 | 41                
  healthcheck.ts   |   94.44 |       75 |     100 |   93.75 | 41                
  hitl.ts          |      44 |    31.81 |      50 |   39.13 | 24,37-56          
  html.ts          |    87.5 |       60 |     100 |   93.33 | 37                
  http.ts          |   96.15 |    86.84 |   83.33 |   97.91 | 56                
  if.ts            |     100 |      100 |     100 |     100 |                   
  image.ts         |   86.66 |     62.5 |     100 |   92.85 | 43                
  index.ts         |     100 |      100 |     100 |     100 |                   
  json-schema.ts   |   81.25 |    57.14 |   66.66 |   86.66 | 21,39             
  jwt.ts           |    92.3 |       75 |     100 |    92.3 | 42                
  ...an-trigger.ts |   31.03 |    11.11 |      50 |   26.92 | 22,34-62          
  ldap.ts          |    87.5 |    77.77 |   66.66 |   86.66 | 21,42             
  llm.ts           |     100 |     87.5 |     100 |     100 | 56-57             
  log-parser.ts    |    87.5 |       80 |   66.66 |   86.66 | 21,40             
  lookup.ts        |   93.33 |    78.57 |     100 |   92.85 | 38                
  loop.ts          |     100 |    82.14 |     100 |     100 | 35-36,86,89       
  markdown.ts      |   91.66 |    66.66 |     100 |   91.66 | 42                
  math.ts          |   76.47 |    61.53 |   66.66 |   86.66 | 22,40             
  matrix.ts        |   82.35 |    68.75 |   66.66 |   81.25 | 20,37,46          
  media.ts         |   95.31 |    82.75 |     100 |   96.36 | 41,145            
  memory-rw.ts     |      40 |       25 |   66.66 |   43.47 | 22,34-48          
  merge.ts         |     100 |    85.71 |     100 |     100 | 42-43             
  mqtt.ts          |   83.33 |       60 |   66.66 |    87.5 | 22,43             
  network.ts       |   83.87 |    56.52 |     100 |   92.59 | 65-66             
  notify.ts        |      50 |       40 |      50 |   47.05 | 22,29-39          
  oauth.ts         |     100 |    95.45 |     100 |     100 | 29                
  openapi.ts       |   81.25 |    58.33 |   66.66 |   86.66 | 21,39             
  ...ge-manager.ts |   44.23 |    29.57 |      75 |   44.89 | 24,47,65-95       
  password.ts      |   93.33 |       70 |     100 |   92.85 | 36                
  pdf.ts           |    87.5 |     87.5 |   66.66 |   86.66 | 22,39             
  phone.ts         |    87.5 |    66.66 |     100 |   93.33 | 39                
  process.ts       |     100 |    82.69 |     100 |     100 | ...52-56,61-63,73 
  promise.ts       |     100 |    92.45 |     100 |     100 | 37,52,58,66       
  qr.ts            |   93.75 |       80 |     100 |   93.33 | 38                
  queue.ts         |   81.25 |    83.33 |   66.66 |   86.66 | 25,44             
  rate-limit.ts    |    87.5 |       80 |   66.66 |   86.66 | 21,38             
  redis.ts         |   81.25 |    61.11 |   66.66 |   86.66 | 22,43             
  regex.ts         |   96.07 |    86.66 |     100 |     100 | 27,30,53,66-72    
  retriever.ts     |   47.76 |    39.65 |      50 |   52.54 | ...4,57-58,80-117 
  retry.ts         |   94.91 |       75 |     100 |      96 | 124,126           
  rss.ts           |   81.25 |    71.42 |   66.66 |   86.66 | 21,40             
  s3.ts            |   81.25 |       65 |   66.66 |   86.66 | 22,43             
  screenshot.ts    |   72.72 |    76.92 |   66.66 |   78.94 | 22,47-50          
  secret-read.ts   |   86.66 |    83.33 |   66.66 |   85.71 | 21,34             
  send-file.ts     |   38.09 |    11.76 |      50 |      40 | 23,30-43          
  set-ops.ts       |   88.23 |    83.33 |   66.66 |   86.66 | 22,37             
  set.ts           |     100 |      100 |     100 |     100 |                   
  shell.ts         |   80.76 |       75 |   66.66 |   95.45 | 30                
  similarity.ts    |   94.44 |    61.53 |     100 |   93.75 | 39                
  spawn-agent.ts   |   35.48 |    30.76 |      50 |   35.71 | 24,52-90          
  split.ts         |     100 |      100 |     100 |     100 |                   
  sql-builder.ts   |    87.5 |    78.57 |   66.66 |   86.66 | 21,42             
  ssh.ts           |   77.77 |    66.66 |   66.66 |    87.5 | 22,41             
  state-machine.ts |   82.35 |    56.25 |   66.66 |   86.66 | 20,37             
  stats.ts         |   82.35 |    83.33 |   66.66 |   86.66 | 22,40             
  sub-workflow.ts  |   37.03 |    16.66 |   33.33 |      36 | 21,45-78          
  switch.ts        |     100 |      100 |     100 |     100 |                   
  system-info.ts   |   81.81 |    57.14 |   66.66 |      90 | 30,48             
  table.ts         |   86.66 |    91.66 |   66.66 |   85.71 | 22,46             
  task.ts          |     100 |      100 |     100 |     100 |                   
  ...ate-engine.ts |   86.66 |       90 |   66.66 |   85.71 | 22,33             
  template.ts      |     100 |      100 |     100 |     100 |                   
  text-splitter.ts |   62.22 |    41.66 |      75 |    64.1 | 11-25,53,65,68    
  text.ts          |   93.33 |      100 |     100 |   92.85 | 39                
  tokenizer.ts     |   86.66 |    66.66 |   66.66 |   85.71 | 20,36             
  tool-invoke.ts   |   44.82 |     37.5 |      50 |   46.42 | 25,44-68          
  transform.ts     |     100 |      100 |     100 |     100 |                   
  ttl-cache.ts     |   82.35 |       60 |   66.66 |    87.5 | 25,43             
  validator.ts     |   88.88 |    70.58 |   66.66 |   93.75 | 23                
  vector-store.ts  |   44.68 |       25 |      60 |   44.18 | 26,55-87,97       
  wait.ts          |     100 |       90 |     100 |     100 | 37                
  web-form.ts      |   51.61 |       45 |      40 |      56 | 23,31,35-38,41-55 
  web-scrape.ts    |    62.5 |    45.45 |   33.33 |   69.44 | ...62,64-68,85-90 
  web-search.ts    |   76.47 |       50 |      60 |   80.64 | 23,54,71-74       
  web-table.ts     |   41.66 |       40 |   33.33 |   45.23 | 23,43-45,63-90    
  webhook.ts       |     100 |      100 |     100 |     100 |                   
  websocket.ts     |   81.25 |       75 |   66.66 |   86.66 | 21,39             
  xml.ts           |    87.5 |       75 |   66.66 |   86.66 | 21,37             
  yaml.ts          |    87.5 |     87.5 |   66.66 |   86.66 | 21,39             
 src/agent/pty     |   80.69 |    67.99 |   85.22 |   83.29 |                   
  agent-bus.ts     |   97.36 |     90.9 |     100 |     100 | 87-94             
  ...le-tracker.ts |     100 |      100 |     100 |     100 |                   
  cli-adapter.ts   |      88 |    71.03 |   94.44 |   90.95 | ...19-323,428,443 
  ...permission.ts |     100 |      100 |     100 |     100 |                   
  ...-cli-agent.ts |   52.71 |    46.93 |   64.28 |   57.86 | ...14,340-365,400 
  ...ainer-pool.ts |   60.52 |    39.28 |   73.33 |   63.76 | ...52-163,176-182 
  ...ndow-guard.ts |     100 |      100 |     100 |     100 |                   
  docker-ops.ts    |   92.77 |    72.85 |     100 |   95.31 | 84,90,109         
  docker-pty.ts    |   72.36 |    34.61 |   73.68 |   78.46 | ...57,180-182,196 
  index.ts         |       0 |        0 |       0 |       0 |                   
  lane-queue.ts    |   91.78 |     93.1 |   94.73 |   90.32 | 137-144           
  local-pty.ts     |   87.23 |    68.18 |   81.25 |   97.22 | 29                
  ndjson-parser.ts |   92.59 |       80 |     100 |     100 | 36-49             
  pty-transport.ts |   82.35 |       70 |   72.22 |   83.63 | 61,98-100,131-135 
  secret-reader.ts |     100 |      100 |     100 |     100 |                   
  semaphore.ts     |     100 |      100 |     100 |     100 |                   
  ...dge-config.ts |   41.66 |       50 |       0 |   41.66 | 31-53             
  ...dge-server.ts |    94.2 |       80 |      90 |   93.54 | 76-77,111,127     
 src/agent/tools   |   44.48 |    33.66 |   46.82 |    47.9 |                   
  ...ser-client.ts |      64 |    33.84 |    62.5 |   66.66 | 25-27,64,85-101   
  aggregate.ts     |      98 |    86.36 |     100 |     100 | 24-26,41,48,60,81 
  ...l-notifier.ts |     100 |       80 |     100 |     100 | 30-60,101         
  ...val-parser.ts |   96.29 |    91.66 |     100 |   95.65 | 63                
  archive.ts       |   17.94 |        0 |      25 |      20 | 34-78             
  ascii-art.ts     |    6.09 |        0 |       0 |    7.93 | 51-138            
  ask-user.ts      |   20.58 |     2.77 |      20 |   24.13 | 54-101            
  assert.ts        |   94.87 |    81.94 |     100 |   98.48 | 108               
  barcode.ts       |   42.74 |    33.96 |   71.42 |   45.09 | ...,44-54,121-190 
  base-convert.ts  |      58 |    52.85 |     100 |   59.52 | ...97-116,127-140 
  base.ts          |   74.31 |    68.42 |   68.75 |   80.89 | ...34-135,177-178 
  bloom-filter.ts  |   94.73 |     65.9 |     100 |   96.77 | 92,122            
  chain.ts         |   63.52 |    54.54 |   76.92 |   63.15 | 80,98,114,150-194 
  changelog.ts     |   61.61 |    41.89 |   83.33 |   63.85 | ...28-129,152-157 
  checksum.ts      |   94.52 |       85 |     100 |   96.42 | 73,110            
  ...it-breaker.ts |   86.56 |    79.62 |   66.66 |   93.22 | 70,99-102,119     
  code-diagram.ts  |    5.92 |     1.78 |     7.5 |    6.49 | ...37-743,752-934 
  color.ts         |   94.69 |    76.71 |     100 |   96.38 | 39,90,122         
  compress.ts      |   43.75 |    31.37 |      60 |   47.45 | ...6,62-72,91-120 
  cookie.ts        |   27.35 |    25.49 |      60 |   35.44 | ...0,64-65,82-148 
  cors.ts          |   85.14 |    78.75 |   85.71 |   95.65 | 84,99,118         
  country.ts       |   16.66 |        0 |       0 |   20.83 | 72-104            
  cron-shell.ts    |   13.15 |        0 |   16.66 |   16.66 | 52-128            
  cron.ts          |   91.46 |     86.9 |     100 |     100 | ...25,131-132,138 
  crontab.ts       |   86.71 |    70.17 |   93.33 |   92.85 | ...67-170,174-175 
  crypto.ts        |   18.18 |    11.53 |   33.33 |   21.56 | 31,33-52,59-95    
  csp.ts           |    6.09 |        0 |       0 |    7.35 | 33-120            
  csv.ts           |   97.89 |    83.82 |     100 |     100 | 25,36-43,68-99    
  currency.ts      |   10.34 |        0 |       0 |   13.04 | 81-143            
  data-format.ts   |   34.78 |    28.34 |   36.36 |   37.75 | ...79-381,387,404 
  data-mask.ts     |     100 |    83.78 |     100 |     100 | 38,47-65,93       
  database.ts      |   30.35 |    12.19 |   33.33 |   32.65 | 51-52,56-105      
  datetime.ts      |   93.26 |    74.52 |     100 |   98.87 | 183               
  decision-tool.ts |       0 |      100 |       0 |       0 | 6-16              
  dependency.ts    |    3.96 |        0 |       0 |    5.71 | 23-127            
  diagram.ts       |   21.05 |    20.45 |   16.66 |   22.91 | ...54,60-62,66-94 
  diff.ts          |   60.09 |    55.76 |   63.63 |   62.41 | ...53,117,161-229 
  dns.ts           |   15.62 |        0 |       0 |   17.24 | 24-67             
  docker.ts        |   21.05 |        0 |   33.33 |   22.85 | 46-87             
  document.ts      |   96.71 |    93.54 |     100 |   96.37 | ...82,225,242,316 
  dotenv.ts        |   96.82 |    81.13 |     100 |   98.11 | 71                
  duration.ts      |   23.63 |    19.84 |      50 |   28.91 | 34-76,117,133-167 
  dynamic.ts       |   24.32 |     6.25 |      20 |      30 | 20-30,56-80       
  ...l-validate.ts |    8.33 |        0 |       0 |   11.32 | 34-108            
  email.ts         |   17.82 |    30.64 |   11.11 |   26.98 | 48-128            
  embedding.ts     |    7.46 |        0 |       0 |     9.8 | 29-107            
  encoding.ts      |      90 |    86.48 |     100 |   94.11 | 63-66             
  env.ts           |    9.75 |        0 |       0 |    12.5 | 25-72             
  eval.ts          |   63.63 |    34.78 |     100 |   66.66 | 31-37,54-58       
  feature-flag.ts  |   77.92 |    66.66 |     100 |   88.33 | 102-107,135       
  file-request.ts  |      25 |     3.84 |      25 |      30 | 38-76             
  filesystem.ts    |   21.02 |     3.35 |    23.8 |   23.87 | ...03-246,277-342 
  filter.ts        |   82.75 |    73.61 |     100 |   91.11 | 45,77-79          
  format.ts        |   11.11 |     6.34 |   15.38 |      13 | 39-48,59-185      
  ftp.ts           |   29.26 |    42.85 |   23.07 |   30.26 | ...-64,68-120,130 
  geo.ts           |    6.38 |        0 |       0 |    7.69 | 31-142            
  git.ts           |   20.58 |        0 |      25 |   21.87 | 38-78             
  glob-match.ts    |    3.77 |        0 |       0 |     5.4 | 24-129            
  graph.ts         |   98.96 |       80 |     100 |   99.27 | 186               
  graphql.ts       |    75.6 |    59.09 |     100 |   86.66 | 34,69-73          
  hash.ts          |   44.82 |    21.42 |     100 |      50 | 41-59             
  healthcheck.ts   |   45.16 |    21.42 |   41.66 |   51.85 | ...4,85-86,93-106 
  html.ts          |   33.33 |    44.44 |      40 |   34.69 | ...2-70,74,85-107 
  http-header.ts   |   95.45 |       80 |     100 |   98.61 | 124               
  http-mock.ts     |      10 |        0 |       0 |   10.52 | 34-114            
  http-request.ts  |   16.66 |        0 |       0 |   17.85 | 7-17,64-79        
  http-utils.ts    |   97.56 |    90.32 |   85.71 |     100 | 62-70             
  ical.ts          |    5.47 |        0 |       0 |    6.89 | 27-137            
  image.ts         |   45.09 |    28.57 |      50 |   47.91 | ...5,71-72,81-108 
  index.ts         |   83.09 |    33.87 |      25 |   84.68 | ...10,613,624-629 
  ini.ts           |   94.93 |    82.66 |     100 |   95.89 | 44,77,141         
  installer.ts     |    87.5 |       80 |   85.71 |     100 | 58                
  ip.ts            |     4.3 |        0 |       0 |    5.06 | 25-148            
  json-patch.ts    |     2.7 |        0 |       0 |     3.7 | 25-192            
  json-schema.ts   |   57.45 |    46.19 |   66.66 |   66.92 | ...04,206-210,218 
  jsonl.ts         |    5.79 |        0 |       0 |    7.14 | 26-107            
  jwt.ts           |      70 |    58.33 |    87.5 |   73.33 | ...79,82-86,95-99 
  kanban.ts        |   51.91 |    45.05 |   54.34 |   59.76 | ...54-477,498-531 
  ldap.ts          |   12.35 |     9.43 |    4.76 |   13.69 | 34,39-160         
  license.ts       |    8.21 |        0 |       0 |   11.76 | 144-207           
  log-parser.ts    |   18.07 |     6.34 |   18.18 |   22.95 | 38,43-110         
  lookup.ts        |   84.84 |    69.23 |     100 |   89.65 | 94-96             
  markdown.ts      |   41.17 |    17.89 |      40 |      44 | ...11-114,121-168 
  math.ts          |   11.23 |     4.34 |   14.28 |   12.85 | 48-58,64-155      
  matrix.ts        |    8.13 |    10.11 |       8 |   11.11 | 33-119,127-174    
  mcp-store.ts     |      90 |       60 |     100 |   94.82 | 64,98-99          
  media-utils.ts   |       0 |        0 |       0 |       0 | 8-29              
  media.ts         |   13.33 |        0 |   16.66 |   16.66 | 18-33,60-108      
  memory-format.ts |   71.42 |       50 |     100 |     100 | 7-10              
  memory-tool.ts   |   40.81 |    23.07 |   66.66 |   45.23 | 34-39,43-44,61-81 
  message.ts       |   17.85 |     4.47 |   14.28 |      20 | 60-163            
  metric.ts        |      96 |    88.88 |   89.47 |   97.95 | 62,150            
  mime.ts          |   21.73 |     4.44 |       0 |    23.8 | 52-106            
  mqtt.ts          |   14.89 |    23.52 |    7.14 |   15.66 | 34,42-136         
  msgpack.ts       |    2.27 |        0 |       0 |     3.2 | 22-184            
  network.ts       |   18.91 |        0 |      20 |   21.87 | 37-96             
  notification.ts  |   24.13 |     9.09 |      50 |      25 | 34-72             
  oauth-fetch.ts   |    89.7 |    76.08 |     100 |    88.7 | ...20,125-126,156 
  openapi.ts       |   17.85 |    13.86 |      25 |   16.12 | ...0,69-73,80-165 
  ...ge-manager.ts |    12.5 |        0 |      25 |   13.72 | 41-109            
  pagination.ts    |   98.18 |     58.2 |     100 |   98.03 | 109               
  password.ts      |   50.89 |    32.65 |   66.66 |   53.65 | ...-84,94-104,125 
  pdf.ts           |    14.1 |     8.33 |      20 |    14.7 | 36-149            
  phone.ts         |   58.62 |    36.36 |     100 |   64.15 | ...,90,97,104-109 
  policy-tool.ts   |     100 |    93.33 |     100 |     100 | 66,90             
  ...ss-manager.ts |      20 |        0 |   16.66 |   22.58 | 34-93             
  prometheus.ts    |    5.81 |        0 |       0 |    7.46 | 31-131            
  promise-tool.ts  |     100 |      100 |     100 |     100 |                   
  protobuf.ts      |    2.31 |        0 |       0 |    2.77 | 26-235            
  qr.ts            |   91.73 |    72.05 |     100 |   94.44 | 76-80             
  queue.ts         |      40 |    18.64 |      25 |   48.97 | 56-103            
  random.ts        |   98.36 |     82.6 |     100 |   98.03 | 96                
  rate-limit.ts    |   89.74 |    70.37 |    90.9 |   95.58 | 45,53-54          
  redis.ts         |   30.63 |    15.21 |   44.44 |   37.34 | ...91-101,111-143 
  regex.ts         |      94 |    75.51 |     100 |   97.72 | 56                
  registry.ts      |   64.97 |    52.74 |   91.17 |   64.28 | ...88-289,322-372 
  retriever.ts     |   85.71 |    63.15 |     100 |   88.37 | 35,43,47-49       
  robots-txt.ts    |    4.49 |        0 |       0 |    5.71 | 32-122            
  rss.ts           |    31.5 |    23.25 |   42.85 |    37.7 | ...,98-99,121-138 
  runtime-admin.ts |   34.52 |    28.31 |   26.08 |   38.75 | ...35-248,264-267 
  ...ime-loader.ts |   28.57 |    46.15 |      50 |   26.08 | 30-58             
  s3.ts            |   21.62 |    33.96 |      25 |      20 | 45-146            
  screenshot.ts    |   54.76 |    48.48 |      50 |   62.85 | 61-87             
  secret-tool.ts   |       0 |        0 |       0 |       0 | 7-71              
  self-test.ts     |       0 |        0 |       0 |       0 | 12-29             
  semver.ts        |   85.58 |    73.33 |     100 |   91.86 | ...48-149,151,154 
  send-file.ts     |     100 |      100 |     100 |     100 |                   
  sentiment.ts     |   96.92 |    70.83 |     100 |     100 | ...15,121-141,148 
  set.ts           |   27.27 |       30 |   15.38 |    37.5 | 42-81,90-109      
  shell-runtime.ts |   44.44 |       25 |   57.14 |      48 | ...,64-89,103-122 
  shell.ts         |   47.57 |       39 |      75 |   52.94 | ...30-140,152-194 
  similarity.ts    |   96.95 |     81.7 |     100 |   99.12 | 107               
  sitemap.ts       |    6.55 |        0 |       0 |    8.16 | 27-111            
  slug.ts          |    11.9 |        0 |       0 |   13.88 | 37-91             
  spawn.ts         |     100 |    96.42 |     100 |     100 | 48                
  sql-builder.ts   |    8.33 |     7.22 |    12.5 |   10.84 | 39-146            
  ssh.ts           |   52.17 |    31.91 |     100 |   58.97 | 46-64,77          
  state-machine.ts |   10.74 |     9.33 |    12.5 |   12.35 | 33-140,148-166    
  stats.ts         |   35.57 |       22 |      36 |      40 | ...3,88-90,98-157 
  store.ts         |   86.53 |    55.73 |    92.3 |   95.55 | 31,72             
  svg.ts           |    82.1 |    75.23 |   83.33 |   83.33 | 93-95,123,148-158 
  syslog.ts        |   11.11 |        0 |       0 |    13.2 | 36-115            
  system-info.ts   |      20 |        0 |      25 |   27.27 | 32-58             
  table.ts         |   28.35 |    21.32 |   30.43 |   34.95 | ...33-144,154-190 
  task-query.ts    |     100 |      100 |     100 |     100 |                   
  ...ate-engine.ts |   10.71 |     4.41 |    5.88 |   11.26 | 28-138            
  text-splitter.ts |   93.61 |    82.14 |     100 |   93.47 | 37-38,77          
  text.ts          |   86.45 |    74.62 |   86.66 |   90.78 | 60-62,97-99,108   
  timeseries.ts    |    4.65 |        0 |       0 |    7.01 | 26-104            
  timezone.ts      |      10 |        0 |       0 |    11.9 | 70-132            
  tokenizer.ts     |   96.38 |       88 |     100 |   98.41 | 100               
  toml.ts          |     3.1 |        0 |       0 |    3.66 | 23-192            
  transform.ts     |    3.36 |        0 |       0 |    4.76 | 27-148            
  tree.ts          |    94.3 |    82.22 |     100 |   97.82 | 106,126           
  ttl-cache.ts     |   54.28 |    35.18 |   66.66 |   66.66 | 60-84,117-122     
  unit-convert.ts  |   18.75 |        0 |       0 |   22.22 | 59-128            
  url.ts           |   95.12 |    68.49 |     100 |   94.36 | 68,81,116,140     
  user-agent.ts    |      92 |    79.68 |     100 |   98.24 | 75                
  uuid.ts          |   94.91 |    83.33 |     100 |   96.36 | 93-94             
  validator.ts     |    9.84 |     2.66 |      10 |   12.76 | 41-177            
  vcard.ts         |   87.34 |     82.6 |     100 |   92.85 | 111-114           
  vector-store.ts  |    7.14 |        0 |       0 |      10 | 36-148            
  web-auth.ts      |   13.88 |        0 |       0 |   16.66 | 8,34-68           
  web-form.ts      |    10.2 |        0 |       0 |   11.62 | 8,30-80           
  web-table.ts     |   16.12 |        0 |       0 |   18.51 | 9,30-79           
  web.ts           |   11.16 |        0 |    9.09 |   13.17 | ...25-638,668-729 
  webhook.ts       |   12.98 |        0 |       0 |   15.15 | 42-135            
  websocket.ts     |      30 |    22.22 |   26.31 |   33.33 | ...1,66-79,90-154 
  whois.ts         |      10 |        0 |       0 |      12 | 33-110            
  ...ow-catalog.ts |     100 |      100 |     100 |     100 |                   
  workflow.ts      |   76.52 |    77.22 |      80 |   80.61 | ...11,121,210-244 
  xml.ts           |    82.3 |    70.88 |   76.47 |    87.5 | ...65,170,177,193 
  yaml.ts          |   78.65 |    81.87 |   94.44 |      86 | ...17,235-236,251 
 src/bootstrap     |       0 |        0 |       0 |       0 |                   
  agent-core.ts    |       0 |        0 |       0 |       0 | 73-190            
  ...nel-wiring.ts |       0 |        0 |       0 |       0 | 78-137            
  channels.ts      |       0 |        0 |       0 |       0 | 66-144            
  config.ts        |       0 |      100 |       0 |       0 | 17-26             
  dashboard.ts     |       0 |        0 |       0 |       0 | 90-158            
  lifecycle.ts     |       0 |        0 |       0 |       0 | 7-41              
  orchestration.ts |       0 |        0 |       0 |       0 | 82-277            
  providers.ts     |       0 |        0 |       0 |       0 | 40-150            
  runtime-data.ts  |       0 |        0 |       0 |       0 | 44-95             
  runtime-paths.ts |       0 |        0 |       0 |       0 | 7-28              
  ...me-support.ts |       0 |        0 |       0 |       0 | 52-104            
  runtime-tools.ts |       0 |        0 |       0 |       0 | 40-109            
  services.ts      |       0 |        0 |       0 |       0 | 40-177            
  trigger-sync.ts  |       0 |        0 |       0 |       0 | 31-72             
  workflow-ops.ts  |       0 |        0 |       0 |       0 | 64-133            
 src/bus           |      40 |     32.8 |   41.26 |   40.99 |                   
  factory.ts       |   28.57 |       50 |      50 |   30.76 | 23-28,34-43       
  index.ts         |       0 |        0 |       0 |       0 |                   
  redis-bus.ts     |       0 |        0 |       0 |       0 | 16-373            
  service.ts       |   95.93 |    84.44 |     100 |     100 | 125,205-219       
 src/channels      |   54.68 |    44.64 |   53.15 |    57.5 |                   
  ...controller.ts |   76.92 |    33.33 |   66.66 |   79.16 | 29,49,65-66,73    
  ...al.service.ts |   83.19 |    69.85 |   80.95 |    91.2 | ...05,226,233-235 
  base.ts          |      10 |        6 |   18.75 |   11.11 | 30-192            
  ...el-factory.ts |   29.41 |        0 |   14.28 |   31.25 | ...40,49-50,59-60 
  ...and-intent.ts |   88.23 |    81.81 |     100 |   98.13 | 107-108           
  ...and-router.ts |    9.45 |     8.33 |    8.92 |   10.34 | 75-94,101-159     
  ...rd.channel.ts |    4.67 |     4.38 |       5 |    5.74 | 15-42,71-212      
  ...ch.service.ts |   55.17 |    45.87 |   69.56 |   57.81 | ...15-230,251,279 
  dlq-store.ts     |   89.47 |    63.33 |   92.85 |   96.96 | 142               
  index.ts         |       0 |        0 |       0 |       0 | 30-151            
  ...ance-store.ts |    90.9 |     62.5 |    90.9 |   92.68 | 95-97             
  manager.ts       |   56.99 |    49.44 |    50.5 |   60.98 | ...1187,1200-1205 
  ...-collector.ts |    42.7 |    28.85 |      50 |   48.34 | ...53-254,262-269 
  ...-extractor.ts |   81.08 |    67.64 |   83.33 |   95.83 | 37                
  ...und-dedupe.ts |     100 |    88.57 |     100 |     100 | 14,34,44          
  ...-sanitizer.ts |   97.63 |     92.4 |     100 |     100 | ...94,252,291-310 
  ...e-renderer.ts |   66.25 |    70.16 |   58.33 |   65.03 | ...45,351,371-411 
  rate-limiter.ts  |     100 |      100 |     100 |     100 |                   
  rendering.ts     |   81.15 |    61.86 |   83.72 |   85.18 | ...09-313,319-325 
  ...ime-policy.ts |     100 |      100 |     100 |     100 |                   
  ...n-recorder.ts |   87.83 |    83.01 |     100 |   90.16 | ...40-142,148,166 
  slack.channel.ts |    4.49 |     2.59 |    4.34 |    5.16 | 16-61,89-325      
  slash-command.ts |      94 |    84.21 |     100 |     100 | 19-24,32,49-58    
  stream-buffer.ts |   96.66 |    96.96 |   88.88 |   97.82 | 51                
  ...me.service.ts |   79.36 |     74.6 |      75 |   81.48 | 85-90,139,147-152 
  ...am.channel.ts |    7.48 |     4.95 |   14.28 |    8.01 | ...48-400,423-469 
 ...nnels/commands |   61.54 |    46.71 |   75.53 |   65.85 |                   
  agent.handler.ts |   84.28 |    64.28 |      90 |   89.83 | 64-65,120-123     
  cron.handler.ts  |   46.82 |    33.63 |   76.47 |   55.31 | ...42-344,376-401 
  ...on.handler.ts |   87.09 |    63.63 |     100 |   85.71 | 56-57,63-64       
  ...or.handler.ts |   66.66 |    74.07 |      70 |   68.42 | 43-59             
  guard.handler.ts |     100 |    76.92 |     100 |     100 | 16,39-41          
  help.handler.ts  |     100 |      100 |     100 |     100 |                   
  index.ts         |       0 |        0 |       0 |       0 |                   
  mcp.handler.ts   |    12.5 |     3.84 |      40 |   13.79 | 29-60             
  ...ry.handler.ts |   77.35 |    54.76 |     100 |   83.33 | 45-46,52-53,72-79 
  model.handler.ts |    3.33 |        0 |       0 |    3.57 | 14-53             
  ...se.handler.ts |       8 |     5.12 |   33.33 |     9.3 | 42-114            
  registry.ts      |     100 |       95 |     100 |     100 | 189               
  ...ad.handler.ts |   87.87 |       75 |     100 |   87.09 | 47-48,55-56       
  ...er.handler.ts |      96 |    78.94 |     100 |      96 | 118-119           
  router.ts        |   68.75 |    56.25 |   71.42 |   76.31 | 10,23-25,48-55    
  ...et.handler.ts |   83.96 |     72.5 |   95.83 |    91.5 | ...21-122,179-180 
  skill.handler.ts |   89.83 |    68.91 |     100 |   95.91 | 70-71             
  stats.handler.ts |   57.77 |       50 |   55.55 |   54.76 | 53-89             
  ...us.handler.ts |     100 |    79.16 |     100 |     100 | 24,51-65          
  stop.handler.ts  |     100 |       75 |     100 |     100 | 15                
  task.handler.ts  |   72.34 |    57.93 |      80 |   74.21 | ...84-191,215-245 
  tone.handler.ts  |    8.16 |        0 |       0 |    9.75 | 25-84             
  ...fy.handler.ts |     100 |    83.33 |     100 |     100 | 18,30             
  ...ow.handler.ts |    3.17 |        0 |       0 |    3.77 | 38-125            
 src/config        |   93.75 |    71.42 |     100 |   94.23 |                   
  config-meta.ts   |     100 |      100 |     100 |     100 |                   
  config-store.ts  |   93.65 |    65.21 |     100 |   94.73 | 117,127,159       
  index.ts         |       0 |        0 |       0 |       0 |                   
  schema.ts        |   91.89 |       80 |     100 |   91.66 | 316-318           
 src/cron          |   62.81 |    59.38 |    66.3 |   67.65 |                   
  contracts.ts     |       0 |        0 |       0 |       0 |                   
  index.ts         |       0 |        0 |       0 |       0 |                   
  ...me-handler.ts |   70.52 |     58.1 |      75 |   73.62 | ...32-233,269-276 
  service.ts       |   80.48 |    73.79 |    87.3 |   85.42 | ...36,788-790,807 
  ...igger-sync.ts |       0 |        0 |       0 |       0 | 18-261            
 src/dashboard     |   31.81 |    27.58 |   21.42 |   32.77 |                   
  broadcaster.ts   |       0 |      100 |       0 |       0 | 30-60             
  media-store.ts   |   97.43 |    92.85 |   85.71 |     100 | 53                
  ops-factory.ts   |       0 |        0 |       0 |       0 |                   
  route-context.ts |     100 |      100 |     100 |     100 |                   
  service.ts       |       0 |        0 |       0 |       0 | 56-711            
  sse-manager.ts   |    70.9 |     42.3 |   71.42 |      80 | 59-65,74-80       
  state-builder.ts |   85.45 |       80 |   38.46 |   91.66 | 88,116-118        
  static-server.ts |   96.42 |      100 |     100 |      96 | 22                
  ...em-metrics.ts |       0 |        0 |       0 |       0 | 20-140            
 src/dashboard/ops |   12.26 |     5.82 |   20.12 |   12.74 |                   
  ...t-provider.ts |       0 |        0 |       0 |       0 | 22-227            
  bootstrap.ts     |       0 |        0 |       0 |       0 | 21-61             
  channel.ts       |    0.92 |        0 |       0 |    1.06 | 11-184            
  cli-auth.ts      |       0 |        0 |       0 |       0 | 9-28              
  config.ts        |   54.16 |    57.14 |   66.66 |    61.9 | 17-27             
  index.ts         |       0 |        0 |       0 |       0 |                   
  memory.ts        |     100 |      100 |     100 |     100 |                   
  model.ts         |       0 |      100 |       0 |       0 | 7-14              
  oauth.ts         |       0 |        0 |       0 |       0 | 15-107            
  shared.ts        |   26.31 |    23.07 |      60 |   31.25 | 11-15,44-50       
  skill.ts         |   39.28 |       25 |   66.66 |   42.55 | 40,46-49,53-81    
  template.ts      |    86.2 |       80 |     100 |     100 | 15,34-37          
  tool.ts          |     100 |      100 |     100 |     100 |                   
  workflow.ts      |    0.38 |        0 |       0 |    0.45 | 154-610           
  workspace.ts     |      95 |      100 |     100 |   92.85 | 21                
 ...shboard/routes |       0 |        0 |       0 |       0 |                   
  ...t-provider.ts |       0 |        0 |       0 |       0 | 4-187             
  agent.ts         |       0 |        0 |       0 |       0 | 4-47              
  approval.ts      |       0 |        0 |       0 |       0 | 5-50              
  bootstrap.ts     |       0 |        0 |       0 |       0 | 4-22              
  channel.ts       |       0 |        0 |       0 |       0 | 4-86              
  chat.ts          |       0 |        0 |       0 |       0 | 6-176             
  cli-auth.ts      |       0 |        0 |       0 |       0 | 6-52              
  config.ts        |       0 |        0 |       0 |       0 | 5-102             
  cron.ts          |       0 |        0 |       0 |       0 | 4-74              
  health.ts        |       0 |        0 |       0 |       0 | 4-74              
  kanban.ts        |       0 |        0 |       0 |       0 | 8-545             
  loop.ts          |       0 |        0 |       0 |       0 | 4-24              
  memory.ts        |       0 |        0 |       0 |       0 | 4-53              
  models.ts        |       0 |        0 |       0 |       0 | 7-95              
  oauth.ts         |       0 |        0 |       0 |       0 | 4-171             
  process.ts       |       0 |        0 |       0 |       0 | 4-33              
  promise.ts       |       0 |        0 |       0 |       0 | 4-39              
  references.ts    |       0 |        0 |       0 |       0 | 9-73              
  secret.ts        |       0 |        0 |       0 |       0 | 4-40              
  session.ts       |       0 |        0 |       0 |       0 | 4-54              
  skill.ts         |       0 |        0 |       0 |       0 | 4-65              
  state.ts         |       0 |        0 |       0 |       0 | 4-19              
  task.ts          |       0 |        0 |       0 |       0 | 4-55              
  template.ts      |       0 |        0 |       0 |       0 | 4-37              
  workflows.ts     |       0 |        0 |       0 |       0 | 6-193             
  workspace.ts     |       0 |        0 |       0 |       0 | 4-26              
 src/decision      |    59.9 |    49.24 |   72.41 |   63.49 |                   
  index.ts         |       0 |        0 |       0 |       0 |                   
  ...se.service.ts |   84.61 |      100 |      75 |   81.81 | 43-47             
  service.ts       |      41 |    41.81 |   55.17 |   44.82 | ...45,176,184-216 
  store.ts         |   92.85 |    83.33 |   95.23 |   95.16 | 175-180           
 src/events        |   78.19 |    64.84 |    87.5 |   80.34 |                   
  index.ts         |       0 |        0 |       0 |       0 |                   
  service.ts       |   78.19 |    64.84 |    87.5 |   80.34 | ...87-394,399-403 
 src/heartbeat     |   77.38 |    69.09 |   84.61 |   81.69 |                   
  index.ts         |       0 |        0 |       0 |       0 |                   
  service.ts       |   77.38 |    69.09 |   84.61 |   81.69 | 55-59,122,130-138 
 src/i18n          |   93.54 |    93.33 |    87.5 |   93.33 |                   
  index.ts         |      90 |    83.33 |      80 |   89.47 | 23,36             
  protocol.ts      |     100 |      100 |     100 |     100 |                   
 src/mcp           |   20.93 |    32.25 |    30.3 |   20.35 |                   
  ...nt-manager.ts |       0 |        0 |       0 |       0 | 18-237            
  index.ts         |       0 |        0 |       0 |       0 |                   
  tool-adapter.ts  |   96.42 |    83.33 |     100 |   95.83 | 42                
 src/oauth         |   35.29 |    28.68 |   66.66 |   35.96 |                   
  flow-service.ts  |       0 |        0 |       0 |       0 | 12-301            
  index.ts         |       0 |        0 |       0 |       0 |                   
  ...tion-store.ts |   97.33 |    79.54 |   94.44 |   97.14 | 229-233           
  presets.ts       |     100 |      100 |     100 |     100 |                   
 ...auth/providers |       0 |      100 |     100 |       0 |                   
  github.ts        |       0 |      100 |     100 |       0 | 3                 
  google.ts        |       0 |      100 |     100 |       0 | 3                 
  spotify.ts       |       0 |      100 |     100 |       0 | 3                 
 src/ops           |       0 |        0 |       0 |       0 |                   
  index.ts         |       0 |        0 |       0 |       0 |                   
  service.ts       |       0 |        0 |       0 |       0 | 7-149             
 src/orchestration |   77.24 |    63.26 |   65.65 |   79.23 |                   
  ...ks-builder.ts |   79.33 |    58.43 |   66.66 |   81.48 | ...99-213,223-237 
  classifier.ts    |   98.78 |    95.29 |     100 |     100 | 55-56,101,126     
  ...tion-guard.ts |   96.72 |    91.17 |     100 |     100 | 31,114-117        
  ...k-analyzer.ts |   93.24 |    81.57 |    92.3 |     100 | ...21-123,141,149 
  gateway.ts       |     100 |     90.9 |     100 |     100 | 62-63             
  ...ding-store.ts |     100 |      100 |     100 |     100 |                   
  node-selector.ts |     100 |      100 |     100 |     100 |                   
  ...ss-tracker.ts |     100 |       80 |     100 |     100 | ...46-159,178,185 
  prompts.ts       |   92.68 |    80.88 |   93.33 |   94.52 | 77,387-389,395    
  ...-preflight.ts |   70.27 |    34.66 |      70 |   78.72 | ...53-254,259-260 
  service.ts       |    5.35 |     5.88 |    1.66 |     4.6 | ...31,577-600,616 
  ...ll-handler.ts |   98.07 |    86.11 |     100 |     100 | 37-39,47,75,122   
  ...ion-filter.ts |     100 |    93.75 |     100 |     100 | 61                
  tool-index.ts    |   76.02 |    76.25 |   72.72 |    80.6 | ...86-413,489-498 
  tool-selector.ts |     100 |    85.29 |     100 |     100 | ...28,144,162,177 
  ...low-loader.ts |   94.44 |    69.48 |   89.65 |   94.39 | ...42,234,275-276 
 ...tion/execution |   72.05 |    56.43 |   60.65 |   72.42 |                   
  ...-task-loop.ts |   50.64 |    37.87 |   33.33 |   52.05 | 66-144,190-191    
  ...dispatcher.ts |      96 |    78.26 |      80 |   95.77 | 79,204-207        
  helpers.ts       |   94.33 |    74.39 |     100 |   97.72 | 82                
  index.ts         |       0 |        0 |       0 |       0 |                   
  ...e-workflow.ts |   72.93 |    51.42 |      50 |   73.17 | ...86,307,312-318 
  ...agent-loop.ts |   79.48 |    58.82 |   33.33 |   84.37 | 56-57,94-99       
  run-once.ts      |   66.66 |    44.11 |     100 |   65.85 | 34-62,92-107      
  run-task-loop.ts |   53.16 |    44.73 |   28.57 |   52.05 | 93-181            
  runner-deps.ts   |       0 |        0 |       0 |       0 |                   
 src/providers     |   24.41 |    22.07 |   26.34 |   25.06 |                   
  base.ts          |       0 |        0 |       0 |       0 | 15-57             
  ...it-breaker.ts |     100 |      100 |     100 |     100 |                   
  ...mcp-loader.ts |       0 |        0 |       0 |       0 | 22-300            
  ...permission.ts |   23.88 |    26.81 |   34.61 |   26.57 | 92-295            
  cli-protocol.ts  |   70.85 |    60.16 |      95 |   78.06 | ...19-320,328-334 
  cli.provider.ts  |       0 |        0 |       0 |       0 | 36-380            
  executor.ts      |   94.73 |    94.44 |     100 |     100 | 25,27             
  health-scorer.ts |   96.36 |     82.5 |     100 |   97.82 | 63                
  index.ts         |       0 |        0 |       0 |       0 |                   
  ...r.provider.ts |    6.25 |        0 |       0 |    7.14 | 19-77             
  ...ce.adapter.ts |       0 |      100 |       0 |       0 | 6-20              
  ...m.provider.ts |    6.66 |        0 |       0 |    7.14 | 19-78             
  ...lm.runtime.ts |    0.77 |        0 |       0 |    0.88 | 63-549            
  service.ts       |    2.02 |        0 |       0 |    2.43 | 16,35-375         
 src/runtime       |   84.94 |    68.85 |      75 |   93.82 |                   
  instance-lock.ts |   77.41 |     65.3 |   63.63 |   90.38 | 29,65,95-96,136   
  ...ce-manager.ts |     100 |    83.33 |     100 |     100 | 30,49             
 src/security      |   82.78 |    62.69 |   91.35 |   88.59 |                   
  ...-sanitizer.ts |     100 |      100 |     100 |     100 |                   
  inbound-seal.ts  |   95.68 |    67.67 |     100 |     100 | ...14,222-230,236 
  ...lt-factory.ts |   92.85 |     87.5 |     100 |     100 | 9                 
  secret-vault.ts  |   75.58 |       55 |    85.1 |   83.01 | ...30,433-441,469 
  sensitive.ts     |   85.71 |    69.56 |     100 |   87.93 | ...32-133,165-166 
 src/services      |   58.92 |    48.95 |   57.51 |   62.28 |                   
  ...sk.service.ts |     100 |      100 |     100 |     100 |                   
  embed.service.ts |   97.43 |      100 |      80 |     100 |                   
  ...on-runtime.ts |       0 |      100 |       0 |       0 | 8-63              
  ...e-executor.ts |   60.19 |    48.86 |   76.92 |   64.36 | ...37,157,175-183 
  kanban-store.ts  |   72.99 |    59.09 |   67.56 |   77.04 | ...1175,1200-1268 
  ...er-watcher.ts |       0 |        0 |       0 |       0 | 6-131             
  model-catalog.ts |   68.45 |     47.5 |   85.18 |   77.31 | ...76,289-290,335 
  ...db.service.ts |       0 |        0 |       0 |       0 | 8-59              
  ...ence-store.ts |   62.15 |    47.29 |   46.87 |   66.82 | ...00-442,453-457 
  ...re.service.ts |       0 |        0 |       0 |       0 | 9-219             
  ...re.service.ts |     100 |    88.88 |     100 |     100 | 39,57             
 src/session       |   75.19 |    53.57 |      92 |   78.15 |                   
  index.ts         |       0 |        0 |       0 |       0 |                   
  service.ts       |   75.19 |    53.57 |      92 |   78.15 | ...15-317,355-356 
 src/utils         |   93.18 |    92.37 |   91.66 |   93.93 |                   
  common.ts        |   92.45 |      100 |   88.88 |      90 | 32-36             
  local-ref.ts     |      95 |     87.5 |     100 |   97.72 | 27                
  sqlite-helper.ts |   89.47 |       75 |     100 |   93.33 | 43                
-------------------|---------|----------|---------|---------|-------------------
